<html>
<body>
<pre>
<h1>µVision Build Log</h1>
<h2>Tool Versions:</h2>
IDE-Version: ?Vision V5.17.0.0
Copyright (C) 2015 ARM Ltd and ARM Germany GmbH. All rights reserved.
License Information: Pi User, KMITL, LIC=----
 
Tool Versions:
Toolchain:       MDK-Lite  Version: 5.17
Toolchain Path:  C:\Keil_v5\ARM\ARMCC\Bin
C Compiler:      Armcc.exe V5.06 update 1 (build 61)
Assembler:       Armasm.exe V5.06 update 1 (build 61)
Linker/Locator:  ArmLink.exe V5.06 update 1 (build 61)
Library Manager: ArmAr.exe V5.06 update 1 (build 61)
Hex Converter:   FromElf.exe V5.06 update 1 (build 61)
CPU DLL:         SARMCM3.DLL V5.17
Dialog DLL:      DCM.DLL V1.13.4.0
Target DLL:      UL2CM3.DLL V1.156.1.0
Dialog DLL:      TCM.DLL V1.14.6.0
 
<h2>Project:</h2>
D:\Dropbox\TreeMinder\MDK-ARM\Tree.uvprojx
Project File Date:  05/22/2017

<h2>Output:</h2>
*** Using Compiler 'V5.06 update 1 (build 61)', folder: 'C:\Keil_v5\ARM\ARMCC\Bin'
Build target 'Tree'
compiling stm32f1xx_it.c...
../Src/stm32f1xx_it.c(63): warning:  #1295-D: Deprecated declaration calculate - give arg types
  extern void calculate();
../Src/stm32f1xx_it.c: 1 warning, 0 errors
compiling main.c...
../Src/main.c(808): warning:  #177-D: variable "posX" was declared but never referenced
  	uint16_t posX, posY,maxX=320,maxY=240;
../Src/main.c(808): warning:  #177-D: variable "posY" was declared but never referenced
  	uint16_t posX, posY,maxX=320,maxY=240;
../Src/main.c(808): warning:  #177-D: variable "maxX" was declared but never referenced
  	uint16_t posX, posY,maxX=320,maxY=240;
../Src/main.c(808): warning:  #177-D: variable "maxY" was declared but never referenced
  	uint16_t posX, posY,maxX=320,maxY=240;
../Src/main.c(809): warning:  #177-D: variable "pos" was declared but never referenced
  	char pos[50];
../Src/main.c: 5 warnings, 0 errors
linking...
Program Size: Code=25848 RO-data=5016 RW-data=328 ZI-data=1512  
FromELF: creating hex file...
".\Tree\Tree.axf" - 0 Error(s), 6 Warning(s).

<h2>Software Packages used:</h2>

Package Vendor: ARM
                http://www.keil.com/pack/ARM.CMSIS.5.0.0.pack
                ARM::CMSIS:CORE:5.0.0
                CMSIS (Cortex Microcontroller Software Interface Standard)
   * Component: CORE Version: 5.0.0

<h2>Collection of Component include folders:</h2>
  D:\Dropbox\TreeMinder\MDK-ARM\RTE
  C:\Keil_v5\ARM\PACK\ARM\CMSIS\5.0.0\CMSIS\Include
  C:\Keil_v5\ARM\PACK\Keil\STM32F1xx_DFP\2.1.0\Device\Include

<h2>Collection of Component Files used:</h2>

   * Component: ARM::CMSIS:CORE:5.0.0
Build Time Elapsed:  00:00:08
</pre>
</body>
</html>
