Component: ARM Compiler 5.06 update 1 (build 61) Tool: armlink [4d35a8]

==============================================================================

Section Cross References

    startup_stm32f107xc.o(RESET) refers to startup_stm32f107xc.o(STACK) for __initial_sp
    startup_stm32f107xc.o(RESET) refers to startup_stm32f107xc.o(.text) for Reset_Handler
    startup_stm32f107xc.o(RESET) refers to stm32f1xx_it.o(i.NMI_Handler) for NMI_Handler
    startup_stm32f107xc.o(RESET) refers to stm32f1xx_it.o(i.HardFault_Handler) for HardFault_Handler
    startup_stm32f107xc.o(RESET) refers to stm32f1xx_it.o(i.MemManage_Handler) for MemManage_Handler
    startup_stm32f107xc.o(RESET) refers to stm32f1xx_it.o(i.BusFault_Handler) for BusFault_Handler
    startup_stm32f107xc.o(RESET) refers to stm32f1xx_it.o(i.UsageFault_Handler) for UsageFault_Handler
    startup_stm32f107xc.o(RESET) refers to stm32f1xx_it.o(i.SVC_Handler) for SVC_Handler
    startup_stm32f107xc.o(RESET) refers to stm32f1xx_it.o(i.DebugMon_Handler) for DebugMon_Handler
    startup_stm32f107xc.o(RESET) refers to stm32f1xx_it.o(i.PendSV_Handler) for PendSV_Handler
    startup_stm32f107xc.o(RESET) refers to stm32f1xx_it.o(i.SysTick_Handler) for SysTick_Handler
    startup_stm32f107xc.o(RESET) refers to stm32f1xx_it.o(i.EXTI0_IRQHandler) for EXTI0_IRQHandler
    startup_stm32f107xc.o(RESET) refers to stm32f1xx_it.o(i.DMA1_Channel5_IRQHandler) for DMA1_Channel5_IRQHandler
    startup_stm32f107xc.o(RESET) refers to stm32f1xx_it.o(i.USART1_IRQHandler) for USART1_IRQHandler
    startup_stm32f107xc.o(RESET) refers to stm32f1xx_it.o(i.EXTI15_10_IRQHandler) for EXTI15_10_IRQHandler
    startup_stm32f107xc.o(.text) refers to system_stm32f1xx.o(i.SystemInit) for SystemInit
    startup_stm32f107xc.o(.text) refers to entry.o(.ARM.Collect$$$$00000000) for __main
    et_stm32f_arm_kit_lcd.o(i.LCD_CS_StartByte) refers to stm32f1xx_hal_gpio.o(i.HAL_GPIO_WritePin) for HAL_GPIO_WritePin
    et_stm32f_arm_kit_lcd.o(i.LCD_CS_StartByte) refers to stm32f1xx_hal_spi.o(i.HAL_SPI_Transmit) for HAL_SPI_Transmit
    et_stm32f_arm_kit_lcd.o(i.LCD_CS_StartByte) refers to stm32f1xx_hal_spi.o(i.HAL_SPI_GetState) for HAL_SPI_GetState
    et_stm32f_arm_kit_lcd.o(i.LCD_CS_StartByte) refers to main.o(.bss) for hspi3
    et_stm32f_arm_kit_lcd.o(i.LCD_Clear) refers to et_stm32f_arm_kit_lcd.o(i.LCD_SetCursor) for LCD_SetCursor
    et_stm32f_arm_kit_lcd.o(i.LCD_Clear) refers to et_stm32f_arm_kit_lcd.o(i.LCD_WriteRAM_Prepare) for LCD_WriteRAM_Prepare
    et_stm32f_arm_kit_lcd.o(i.LCD_Clear) refers to et_stm32f_arm_kit_lcd.o(i.LCD_WriteRAM) for LCD_WriteRAM
    et_stm32f_arm_kit_lcd.o(i.LCD_Clear) refers to stm32f1xx_hal_gpio.o(i.HAL_GPIO_WritePin) for HAL_GPIO_WritePin
    et_stm32f_arm_kit_lcd.o(i.LCD_ClearLine) refers to et_stm32f_arm_kit_lcd.o(i.LCD_DisplayStringLine) for LCD_DisplayStringLine
    et_stm32f_arm_kit_lcd.o(i.LCD_DisplayChar) refers to et_stm32f_arm_kit_lcd.o(i.LCD_DrawChar) for LCD_DrawChar
    et_stm32f_arm_kit_lcd.o(i.LCD_DisplayChar) refers to et_stm32f_arm_kit_lcd.o(.constdata) for .constdata
    et_stm32f_arm_kit_lcd.o(i.LCD_DisplayOff) refers to et_stm32f_arm_kit_lcd.o(i.LCD_WriteReg) for LCD_WriteReg
    et_stm32f_arm_kit_lcd.o(i.LCD_DisplayOn) refers to et_stm32f_arm_kit_lcd.o(i.LCD_WriteReg) for LCD_WriteReg
    et_stm32f_arm_kit_lcd.o(i.LCD_DisplayStringLine) refers to et_stm32f_arm_kit_lcd.o(i.LCD_DisplayChar) for LCD_DisplayChar
    et_stm32f_arm_kit_lcd.o(i.LCD_DrawChar) refers to et_stm32f_arm_kit_lcd.o(i.LCD_SetCursor) for LCD_SetCursor
    et_stm32f_arm_kit_lcd.o(i.LCD_DrawChar) refers to et_stm32f_arm_kit_lcd.o(i.LCD_WriteRAM_Prepare) for LCD_WriteRAM_Prepare
    et_stm32f_arm_kit_lcd.o(i.LCD_DrawChar) refers to et_stm32f_arm_kit_lcd.o(i.LCD_WriteRAM) for LCD_WriteRAM
    et_stm32f_arm_kit_lcd.o(i.LCD_DrawChar) refers to stm32f1xx_hal_gpio.o(i.HAL_GPIO_WritePin) for HAL_GPIO_WritePin
    et_stm32f_arm_kit_lcd.o(i.LCD_DrawChar) refers to et_stm32f_arm_kit_lcd.o(.data) for .data
    et_stm32f_arm_kit_lcd.o(i.LCD_DrawCircle) refers to et_stm32f_arm_kit_lcd.o(i.LCD_SetCursor) for LCD_SetCursor
    et_stm32f_arm_kit_lcd.o(i.LCD_DrawCircle) refers to et_stm32f_arm_kit_lcd.o(i.LCD_WriteRAMWord) for LCD_WriteRAMWord
    et_stm32f_arm_kit_lcd.o(i.LCD_DrawCircle) refers to et_stm32f_arm_kit_lcd.o(.data) for .data
    et_stm32f_arm_kit_lcd.o(i.LCD_DrawLine) refers to et_stm32f_arm_kit_lcd.o(i.LCD_SetCursor) for LCD_SetCursor
    et_stm32f_arm_kit_lcd.o(i.LCD_DrawLine) refers to et_stm32f_arm_kit_lcd.o(i.LCD_WriteRAMWord) for LCD_WriteRAMWord
    et_stm32f_arm_kit_lcd.o(i.LCD_DrawLine) refers to et_stm32f_arm_kit_lcd.o(i.LCD_WriteRAM_Prepare) for LCD_WriteRAM_Prepare
    et_stm32f_arm_kit_lcd.o(i.LCD_DrawLine) refers to et_stm32f_arm_kit_lcd.o(i.LCD_WriteRAM) for LCD_WriteRAM
    et_stm32f_arm_kit_lcd.o(i.LCD_DrawLine) refers to stm32f1xx_hal_gpio.o(i.HAL_GPIO_WritePin) for HAL_GPIO_WritePin
[...]
    ../clib/microlib/stubs.s                 0x00000000   Number         0  iusefp.o ABSOLUTE
    ../clib/scanf.c                          0x00000000   Number         0  _scanf_int.o ABSOLUTE
    ../clib/scanf.c                          0x00000000   Number         0  _sgetc.o ABSOLUTE
    ../clib/scanf.c                          0x00000000   Number         0  __0sscanf.o ABSOLUTE
    ../clib/scanf.c                          0x00000000   Number         0  _chval.o ABSOLUTE
    ../clib/scanf.c                          0x00000000   Number         0  _scanf.o ABSOLUTE
    ../clib/scanf.c                          0x00000000   Number         0  scanf_char.o ABSOLUTE
    ../fplib/microlib/d2f.c                  0x00000000   Number         0  d2f.o ABSOLUTE
    ../fplib/microlib/f2d.c                  0x00000000   Number         0  f2d.o ABSOLUTE
    ../fplib/microlib/fpadd.c                0x00000000   Number         0  dadd.o ABSOLUTE
    ../fplib/microlib/fpdiv.c                0x00000000   Number         0  ddiv.o ABSOLUTE
    ../fplib/microlib/fpepilogue.c           0x00000000   Number         0  depilogue.o ABSOLUTE
    ../fplib/microlib/fpepilogue.c           0x00000000   Number         0  fepilogue.o ABSOLUTE
    ../fplib/microlib/fpfix.c                0x00000000   Number         0  dfixul.o ABSOLUTE
    ../fplib/microlib/fpfix.c                0x00000000   Number         0  ffixui.o ABSOLUTE
    ../fplib/microlib/fpfix.c                0x00000000   Number         0  dfixi.o ABSOLUTE
    ../fplib/microlib/fpflt.c                0x00000000   Number         0  dflti.o ABSOLUTE
    ../fplib/microlib/fpmul.c                0x00000000   Number         0  dmul.o ABSOLUTE
    ../fplib/microlib/fpmul.c                0x00000000   Number         0  fmul.o ABSOLUTE
    ../fplib/microlib/fprnd.c                0x00000000   Number         0  drnd.o ABSOLUTE
    ../fplib/microlib/fpscalb.c              0x00000000   Number         0  dscalb.o ABSOLUTE
    ../mathlib/round.c                       0x00000000   Number         0  round.o ABSOLUTE
    ..\Drivers\ET_STM32F107\et_stm32f_arm_kit_lcd.c 0x00000000   Number         0  et_stm32f_arm_kit_lcd.o ABSOLUTE
    ..\Drivers\STM32F1xx_HAL_Driver\Src\stm32f1xx_hal.c 0x00000000   Number         0  stm32f1xx_hal.o ABSOLUTE
    ..\Drivers\STM32F1xx_HAL_Driver\Src\stm32f1xx_hal_cortex.c 0x00000000   Number         0  stm32f1xx_hal_cortex.o ABSOLUTE
    ..\Drivers\STM32F1xx_HAL_Driver\Src\stm32f1xx_hal_dma.c 0x00000000   Number         0  stm32f1xx_hal_dma.o ABSOLUTE
    ..\Drivers\STM32F1xx_HAL_Driver\Src\stm32f1xx_hal_flash.c 0x00000000   Number         0  stm32f1xx_hal_flash.o ABSOLUTE
    ..\Drivers\STM32F1xx_HAL_Driver\Src\stm32f1xx_hal_flash_ex.c 0x00000000   Number         0  stm32f1xx_hal_flash_ex.o ABSOLUTE
    ..\Drivers\STM32F1xx_HAL_Driver\Src\stm32f1xx_hal_gpio.c 0x00000000   Number         0  stm32f1xx_hal_gpio.o ABSOLUTE
    ..\Drivers\STM32F1xx_HAL_Driver\Src\stm32f1xx_hal_gpio_ex.c 0x00000000   Number         0  stm32f1xx_hal_gpio_ex.o ABSOLUTE
    ..\Drivers\STM32F1xx_HAL_Driver\Src\stm32f1xx_hal_pwr.c 0x00000000   Number         0  stm32f1xx_hal_pwr.o ABSOLUTE
    ..\Drivers\STM32F1xx_HAL_Driver\Src\stm32f1xx_hal_rcc.c 0x00000000   Number         0  stm32f1xx_hal_rcc.o ABSOLUTE
    ..\Drivers\STM32F1xx_HAL_Driver\Src\stm32f1xx_hal_rcc_ex.c 0x00000000   Number         0  stm32f1xx_hal_rcc_ex.o ABSOLUTE
    ..\Drivers\STM32F1xx_HAL_Driver\Src\stm32f1xx_hal_rtc.c 0x00000000   Number         0  stm32f1xx_hal_rtc.o ABSOLUTE
    ..\Drivers\STM32F1xx_HAL_Driver\Src\stm32f1xx_hal_rtc_ex.c 0x00000000   Number         0  stm32f1xx_hal_rtc_ex.o ABSOLUTE
    ..\Drivers\STM32F1xx_HAL_Driver\Src\stm32f1xx_hal_spi.c 0x00000000   Number         0  stm32f1xx_hal_spi.o ABSOLUTE
    ..\Drivers\STM32F1xx_HAL_Driver\Src\stm32f1xx_hal_spi_ex.c 0x00000000   Number         0  stm32f1xx_hal_spi_ex.o ABSOLUTE
    ..\Drivers\STM32F1xx_HAL_Driver\Src\stm32f1xx_hal_tim.c 0x00000000   Number         0  stm32f1xx_hal_tim.o ABSOLUTE
    ..\Drivers\STM32F1xx_HAL_Driver\Src\stm32f1xx_hal_tim_ex.c 0x00000000   Number         0  stm32f1xx_hal_tim_ex.o ABSOLUTE
    ..\Drivers\STM32F1xx_HAL_Driver\Src\stm32f1xx_hal_uart.c 0x00000000   Number         0  stm32f1xx_hal_uart.o ABSOLUTE
    ..\Src\main.c                            0x00000000   Number         0  main.o ABSOLUTE
    ..\Src\stm32f1xx_hal_msp.c               0x00000000   Number         0  stm32f1xx_hal_msp.o ABSOLUTE
    ..\Src\stm32f1xx_it.c                    0x00000000   Number         0  stm32f1xx_it.o ABSOLUTE
    ..\Src\system_stm32f1xx.c                0x00000000   Number         0  system_stm32f1xx.o ABSOLUTE
    ..\\Drivers\\ET_STM32F107\\et_stm32f_arm_kit_lcd.c 0x00000000   Number         0  et_stm32f_arm_kit_lcd.o ABSOLUTE
    cdcmple.s                                0x00000000   Number         0  cdcmple.o ABSOLUTE
    cdrcmple.s                               0x00000000   Number         0  cdrcmple.o ABSOLUTE
    dc.s                                     0x00000000   Number         0  dc.o ABSOLUTE
    handlers.s                               0x00000000   Number         0  handlers.o ABSOLUTE
    init.s                                   0x00000000   Number         0  init.o ABSOLUTE
    startup_stm32f107xc.s                    0x00000000   Number         0  startup_stm32f107xc.o ABSOLUTE
    RESET                                    0x08000000   Section      336  startup_stm32f107xc.o(RESET)
    .ARM.Collect$$$$00000000                 0x08000150   Section        0  entry.o(.ARM.Collect$$$$00000000)
    .ARM.Collect$$$$00000001                 0x08000150   Section        4  entry2.o(.ARM.Collect$$$$00000001)
    .ARM.Collect$$$$00000004                 0x08000154   Section        4  entry5.o(.ARM.Collect$$$$00000004)
    .ARM.Collect$$$$00000008                 0x08000158   Section        0  entry7b.o(.ARM.Collect$$$$00000008)
    .ARM.Collect$$$$0000000A                 0x08000158   Section        0  entry8b.o(.ARM.Collect$$$$0000000A)
    .ARM.Collect$$$$0000000B                 0x08000158   Section        8  entry9a.o(.ARM.Collect$$$$0000000B)
    .ARM.Collect$$$$0000000D                 0x08000160   Section        0  entry10a.o(.ARM.Collect$$$$0000000D)
    .ARM.Collect$$$$0000000F                 0x08000160   Section        0  entry11a.o(.ARM.Collect$$$$0000000F)
    .ARM.Collect$$$$00002712                 0x08000160   Section        4  entry2.o(.ARM.Collect$$$$00002712)
    __lit__00000000                          0x08000160   Data           4  entry2.o(.ARM.Collect$$$$00002712)
    .text                                    0x08000164   Section       36  startup_stm32f107xc.o(.text)
    .text                                    0x08000188   Section        0  llushr.o(.text)
    .text                                    0x080001a8   Section        0  memmovea.o(.text)
    .text                                    0x080001e8   Section        0  strlen.o(.text)
    .text                                    0x080001f6   Section        0  strcpy.o(.text)
    .text                                    0x08000208   Section        0  __0sscanf.o(.text)
    .text                                    0x08000240   Section        0  _scanf_int.o(.text)
    .text                                    0x0800038c   Section        0  fmul.o(.text)
    .text                                    0x080003f0   Section        0  dadd.o(.text)
    .text                                    0x0800053e   Section        0  dmul.o(.text)
    .text                                    0x08000622   Section        0  dscalb.o(.text)
    .text                                    0x08000650   Section        0  dflti.o(.text)
    .text                                    0x08000672   Section        0  ffixui.o(.text)
    .text                                    0x0800069a   Section        0  dfixi.o(.text)
    .text                                    0x080006d8   Section        0  f2d.o(.text)
    .text                                    0x080006fe   Section        0  d2f.o(.text)
    .text                                    0x08000736   Section        0  uidiv.o(.text)
    .text                                    0x08000762   Section        0  llshl.o(.text)
    .text                                    0x08000780   Section        0  llsshr.o(.text)
    .text                                    0x080007a4   Section        0  _chval.o(.text)
    .text                                    0x080007c0   Section        0  scanf_char.o(.text)
    _scanf_char_input                        0x080007c1   Thumb Code    12  scanf_char.o(.text)
    .text                                    0x080007e8   Section        0  _sgetc.o(.text)
    .text                                    0x08000828   Section        0  iusefp.o(.text)
    .text                                    0x08000828   Section        0  fepilogue.o(.text)
    .text                                    0x08000896   Section        0  depilogue.o(.text)
    .text                                    0x08000950   Section        0  drnd.o(.text)
    .text                                    0x080009d8   Section       48  cdcmple.o(.text)
    .text                                    0x08000a08   Section       48  cdrcmple.o(.text)
    .text                                    0x08000a38   Section       36  init.o(.text)
    .text                                    0x08000a5c   Section        0  isspace_c.o(.text)
    .text                                    0x08000a68   Section        0  _scanf.o(.text)
    .text                                    0x08000d94   Section        0  ctype_c.o(.text)
    .text                                    0x08000dbc   Section        0  __dczerorl2.o(.text)
    i.BusFault_Handler                       0x08000e12   Section        0  stm32f1xx_it.o(i.BusFault_Handler)
    i.DMA1_Channel5_IRQHandler               0x08000e14   Section        0  stm32f1xx_it.o(i.DMA1_Channel5_IRQHandler)
    i.DMA_SetConfig                          0x080012c8   Section        0  stm32f1xx_hal_dma.o(i.DMA_SetConfig)
    DMA_SetConfig                            0x080012c9   Thumb Code    30  stm32f1xx_hal_dma.o(i.DMA_SetConfig)
    i.DebugMon_Handler                       0x080012e6   Section        0  stm32f1xx_it.o(i.DebugMon_Handler)
    i.EXTI0_IRQHandler                       0x080012e8   Section        0  stm32f1xx_it.o(i.EXTI0_IRQHandler)
    i.EXTI15_10_IRQHandler                   0x080012f8   Section        0  stm32f1xx_it.o(i.EXTI15_10_IRQHandler)
    i.Error_Handler                          0x0800131c   Section        0  main.o(i.Error_Handler)
    i.HAL_DMA_IRQHandler                     0x08001320   Section        0  stm32f1xx_hal_dma.o(i.HAL_DMA_IRQHandler)
    i.HAL_DMA_Init                           0x080017d8   Section        0  stm32f1xx_hal_dma.o(i.HAL_DMA_Init)
    i.HAL_DMA_Start_IT                       0x08001828   Section        0  stm32f1xx_hal_dma.o(i.HAL_DMA_Start_IT)
    i.HAL_Delay                              0x08001880   Section        0  stm32f1xx_hal.o(i.HAL_Delay)
    i.HAL_GPIO_EXTI_Callback                 0x08001896   Section        0  stm32f1xx_hal_gpio.o(i.HAL_GPIO_EXTI_Callback)
    i.HAL_GPIO_EXTI_IRQHandler               0x08001898   Section        0  stm32f1xx_hal_gpio.o(i.HAL_GPIO_EXTI_IRQHandler)
    i.HAL_GPIO_Init                          0x080018b0   Section        0  stm32f1xx_hal_gpio.o(i.HAL_GPIO_Init)
    i.HAL_GPIO_ReadPin                       0x08001a6c   Section        0  stm32f1xx_hal_gpio.o(i.HAL_GPIO_ReadPin)
    i.HAL_GPIO_WritePin                      0x08001a76   Section        0  stm32f1xx_hal_gpio.o(i.HAL_GPIO_WritePin)
    i.HAL_GetTick                            0x08001a80   Section        0  stm32f1xx_hal.o(i.HAL_GetTick)
    i.HAL_IncTick                            0x08001a8c   Section        0  stm32f1xx_hal.o(i.HAL_IncTick)
    i.HAL_Init                               0x08001a9c   Section        0  stm32f1xx_hal.o(i.HAL_Init)
    i.HAL_InitTick                           0x08001ac0   Section        0  stm32f1xx_hal.o(i.HAL_InitTick)
    i.HAL_MspInit                            0x08001ae4   Section        0  stm32f1xx_hal_msp.o(i.HAL_MspInit)
    i.HAL_NVIC_EnableIRQ                     0x08001b64   Section        0  stm32f1xx_hal_cortex.o(i.HAL_NVIC_EnableIRQ)
    i.HAL_NVIC_SetPriority                   0x08001b7c   Section        0  stm32f1xx_hal_cortex.o(i.HAL_NVIC_SetPriority)
    i.HAL_NVIC_SetPriorityGrouping           0x08001bbc   Section        0  stm32f1xx_hal_cortex.o(i.HAL_NVIC_SetPriorityGrouping)
    i.HAL_PWR_EnableBkUpAccess               0x08001be0   Section        0  stm32f1xx_hal_pwr.o(i.HAL_PWR_EnableBkUpAccess)
    i.HAL_PWR_EnableWakeUpPin                0x08001bf8   Section        0  stm32f1xx_hal_pwr.o(i.HAL_PWR_EnableWakeUpPin)
    i.HAL_RCCEx_GetPeriphCLKFreq             0x08001c14   Section        0  stm32f1xx_hal_rcc_ex.o(i.HAL_RCCEx_GetPeriphCLKFreq)
    i.HAL_RCCEx_PeriphCLKConfig              0x08001df0   Section        0  stm32f1xx_hal_rcc_ex.o(i.HAL_RCCEx_PeriphCLKConfig)
    i.HAL_RCC_ClockConfig                    0x08001ff0   Section        0  stm32f1xx_hal_rcc.o(i.HAL_RCC_ClockConfig)
    i.HAL_RCC_GetHCLKFreq                    0x08002178   Section        0  stm32f1xx_hal_rcc.o(i.HAL_RCC_GetHCLKFreq)
    i.HAL_RCC_GetPCLK1Freq                   0x08002184   Section        0  stm32f1xx_hal_rcc.o(i.HAL_RCC_GetPCLK1Freq)
    i.HAL_RCC_GetPCLK2Freq                   0x080021b4   Section        0  stm32f1xx_hal_rcc.o(i.HAL_RCC_GetPCLK2Freq)
    i.HAL_RCC_GetSysClockFreq                0x080021e4   Section        0  stm32f1xx_hal_rcc.o(i.HAL_RCC_GetSysClockFreq)
    i.HAL_RCC_OscConfig                      0x080022c8   Section        0  stm32f1xx_hal_rcc.o(i.HAL_RCC_OscConfig)
    i.HAL_RTC_GetDate                        0x0800299a   Section        0  stm32f1xx_hal_rtc.o(i.HAL_RTC_GetDate)
    i.HAL_RTC_GetTime                        0x080029e8   Section        0  stm32f1xx_hal_rtc.o(i.HAL_RTC_GetTime)
    i.HAL_RTC_Init                           0x08002ac0   Section        0  stm32f1xx_hal_rtc.o(i.HAL_RTC_Init)
    i.HAL_RTC_MspInit                        0x08002b60   Section        0  stm32f1xx_hal_msp.o(i.HAL_RTC_MspInit)
    i.HAL_RTC_SetDate                        0x08002ba4   Section        0  stm32f1xx_hal_rtc.o(i.HAL_RTC_SetDate)
    i.HAL_RTC_SetTime                        0x08002c68   Section        0  stm32f1xx_hal_rtc.o(i.HAL_RTC_SetTime)
    i.HAL_RTC_WaitForSynchro                 0x08002d14   Section        0  stm32f1xx_hal_rtc.o(i.HAL_RTC_WaitForSynchro)
    i.HAL_SPI_GetState                       0x08002d4e   Section        0  stm32f1xx_hal_spi.o(i.HAL_SPI_GetState)
    i.HAL_SPI_Init                           0x08002d54   Section        0  stm32f1xx_hal_spi_ex.o(i.HAL_SPI_Init)
    i.HAL_SPI_MspInit                        0x08002ddc   Section        0  stm32f1xx_hal_msp.o(i.HAL_SPI_MspInit)
    i.HAL_SPI_Transmit                       0x08002e84   Section        0  stm32f1xx_hal_spi.o(i.HAL_SPI_Transmit)
    i.HAL_SYSTICK_CLKSourceConfig            0x08002fca   Section        0  stm32f1xx_hal_cortex.o(i.HAL_SYSTICK_CLKSourceConfig)
    i.HAL_SYSTICK_Callback                   0x08002fe2   Section        0  stm32f1xx_hal_cortex.o(i.HAL_SYSTICK_Callback)
    i.HAL_SYSTICK_Config                     0x08002fe4   Section        0  stm32f1xx_hal_cortex.o(i.HAL_SYSTICK_Config)
    i.HAL_SYSTICK_IRQHandler                 0x0800300c   Section        0  stm32f1xx_hal_cortex.o(i.HAL_SYSTICK_IRQHandler)
    i.HAL_TIMEx_MasterConfigSynchronization  0x08003014   Section        0  stm32f1xx_hal_tim_ex.o(i.HAL_TIMEx_MasterConfigSynchronization)
    i.HAL_TIM_Base_Init                      0x08003064   Section        0  stm32f1xx_hal_tim.o(i.HAL_TIM_Base_Init)
    i.HAL_TIM_Base_MspInit                   0x0800309c   Section        0  stm32f1xx_hal_msp.o(i.HAL_TIM_Base_MspInit)
    i.HAL_TIM_ConfigClockSource              0x080030c0   Section        0  stm32f1xx_hal_tim.o(i.HAL_TIM_ConfigClockSource)
    i.HAL_TIM_MspPostInit                    0x080031b4   Section        0  stm32f1xx_hal_msp.o(i.HAL_TIM_MspPostInit)
    i.HAL_TIM_PWM_ConfigChannel              0x080031d8   Section        0  stm32f1xx_hal_tim.o(i.HAL_TIM_PWM_ConfigChannel)
    i.HAL_TIM_PWM_Init                       0x080032a8   Section        0  stm32f1xx_hal_tim.o(i.HAL_TIM_PWM_Init)
    i.HAL_TIM_PWM_MspInit                    0x080032de   Section        0  stm32f1xx_hal_tim.o(i.HAL_TIM_PWM_MspInit)
    i.HAL_TIM_PWM_Start                      0x080032e0   Section        0  stm32f1xx_hal_tim.o(i.HAL_TIM_PWM_Start)
    i.HAL_UART_ErrorCallback                 0x08003310   Section        0  stm32f1xx_hal_uart.o(i.HAL_UART_ErrorCallback)
    i.HAL_UART_IRQHandler                    0x08003314   Section        0  stm32f1xx_hal_uart.o(i.HAL_UART_IRQHandler)
    i.HAL_UART_Init                          0x080033ee   Section        0  stm32f1xx_hal_uart.o(i.HAL_UART_Init)
    i.HAL_UART_MspInit                       0x0800344c   Section        0  stm32f1xx_hal_msp.o(i.HAL_UART_MspInit)
    i.HAL_UART_Receive_DMA                   0x08003540   Section        0  stm32f1xx_hal_uart.o(i.HAL_UART_Receive_DMA)
    i.HAL_UART_RxCpltCallback                0x080035c8   Section        0  stm32f1xx_hal_uart.o(i.HAL_UART_RxCpltCallback)
    i.HAL_UART_RxHalfCpltCallback            0x080035ca   Section        0  stm32f1xx_hal_uart.o(i.HAL_UART_RxHalfCpltCallback)
    i.HAL_UART_Transmit                      0x080035cc   Section        0  stm32f1xx_hal_uart.o(i.HAL_UART_Transmit)
    i.HAL_UART_Transmit_IT                   0x08003698   Section        0  stm32f1xx_hal_uart.o(i.HAL_UART_Transmit_IT)
    i.HAL_UART_TxCpltCallback                0x080036ee   Section        0  stm32f1xx_hal_uart.o(i.HAL_UART_TxCpltCallback)
    i.HardFault_Handler                      0x080036f0   Section        0  stm32f1xx_it.o(i.HardFault_Handler)
    i.LCD_CS_StartByte                       0x080036f4   Section        0  et_stm32f_arm_kit_lcd.o(i.LCD_CS_StartByte)
    i.LCD_Clear                              0x08003724   Section        0  et_stm32f_arm_kit_lcd.o(i.LCD_Clear)
    i.LCD_ClearLine                          0x0800375c   Section        0  et_stm32f_arm_kit_lcd.o(i.LCD_ClearLine)
    i.LCD_DisplayChar                        0x0800377c   Section        0  et_stm32f_arm_kit_lcd.o(i.LCD_DisplayChar)
    i.LCD_DisplayStringLine                  0x08003794   Section        0  et_stm32f_arm_kit_lcd.o(i.LCD_DisplayStringLine)
    i.LCD_DrawChar                           0x080037c4   Section        0  et_stm32f_arm_kit_lcd.o(i.LCD_DrawChar)
    i.LCD_DrawCircle                         0x08003834   Section        0  et_stm32f_arm_kit_lcd.o(i.LCD_DrawCircle)
    i.LCD_DrawLine                           0x08003920   Section        0  et_stm32f_arm_kit_lcd.o(i.LCD_DrawLine)
    i.LCD_DrawRect                           0x080039f0   Section        0  et_stm32f_arm_kit_lcd.o(i.LCD_DrawRect)
    i.LCD_SetBackColor                       0x08003a34   Section        0  et_stm32f_arm_kit_lcd.o(i.LCD_SetBackColor)
    i.LCD_SetCursor                          0x08003a44   Section        0  et_stm32f_arm_kit_lcd.o(i.LCD_SetCursor)
    i.LCD_SetTextColor                       0x08003a5c   Section        0  et_stm32f_arm_kit_lcd.o(i.LCD_SetTextColor)
    i.LCD_Setup                              0x08003a6c   Section        0  et_stm32f_arm_kit_lcd.o(i.LCD_Setup)
    i.LCD_WriteRAM                           0x08003c78   Section        0  et_stm32f_arm_kit_lcd.o(i.LCD_WriteRAM)
    i.LCD_WriteRAMWord                       0x08003cb0   Section        0  et_stm32f_arm_kit_lcd.o(i.LCD_WriteRAMWord)
    i.LCD_WriteRAM_Prepare                   0x08003cd0   Section        0  et_stm32f_arm_kit_lcd.o(i.LCD_WriteRAM_Prepare)
    i.LCD_WriteReg                           0x08003ce4   Section        0  et_stm32f_arm_kit_lcd.o(i.LCD_WriteReg)
    i.LCD_WriteRegIndex                      0x08003d34   Section        0  et_stm32f_arm_kit_lcd.o(i.LCD_WriteRegIndex)
    i.MX_GPIO_Init                           0x08003d7c   Section        0  main.o(i.MX_GPIO_Init)
    MX_GPIO_Init                             0x08003d7d   Thumb Code   288  main.o(i.MX_GPIO_Init)
    i.MX_SPI1_Init                           0x08003eb8   Section        0  main.o(i.MX_SPI1_Init)
    MX_SPI1_Init                             0x08003eb9   Thumb Code    46  main.o(i.MX_SPI1_Init)
    i.MX_SPI3_Init                           0x08003ef0   Section        0  main.o(i.MX_SPI3_Init)
    MX_SPI3_Init                             0x08003ef1   Thumb Code    46  main.o(i.MX_SPI3_Init)
    i.MX_TIM2_Init                           0x08003f28   Section        0  main.o(i.MX_TIM2_Init)
    MX_TIM2_Init                             0x08003f29   Thumb Code    98  main.o(i.MX_TIM2_Init)
    i.MemManage_Handler                      0x08003f90   Section        0  stm32f1xx_it.o(i.MemManage_Handler)
    i.NMI_Handler                            0x08003f92   Section        0  stm32f1xx_it.o(i.NMI_Handler)
    i.NVIC_SetPriority                       0x08003f94   Section        0  stm32f1xx_hal_cortex.o(i.NVIC_SetPriority)
    NVIC_SetPriority                         0x08003f95   Thumb Code    32  stm32f1xx_hal_cortex.o(i.NVIC_SetPriority)
    i.PendSV_Handler                         0x08003fb4   Section        0  stm32f1xx_it.o(i.PendSV_Handler)
    i.RTC_Bcd2ToByte                         0x08003fb6   Section        0  stm32f1xx_hal_rtc.o(i.RTC_Bcd2ToByte)
    RTC_Bcd2ToByte                           0x08003fb7   Thumb Code    18  stm32f1xx_hal_rtc.o(i.RTC_Bcd2ToByte)
    i.RTC_ByteToBcd2                         0x08003fc8   Section        0  stm32f1xx_hal_rtc.o(i.RTC_ByteToBcd2)
    RTC_ByteToBcd2                           0x08003fc9   Thumb Code    22  stm32f1xx_hal_rtc.o(i.RTC_ByteToBcd2)
    i.RTC_DateUpdate                         0x08003fde   Section        0  stm32f1xx_hal_rtc.o(i.RTC_DateUpdate)
    RTC_DateUpdate                           0x08003fdf   Thumb Code   174  stm32f1xx_hal_rtc.o(i.RTC_DateUpdate)
    i.RTC_EnterInitMode                      0x0800408c   Section        0  stm32f1xx_hal_rtc.o(i.RTC_EnterInitMode)
    RTC_EnterInitMode                        0x0800408d   Thumb Code    52  stm32f1xx_hal_rtc.o(i.RTC_EnterInitMode)
    i.RTC_ExitInitMode                       0x080040c0   Section        0  stm32f1xx_hal_rtc.o(i.RTC_ExitInitMode)
    RTC_ExitInitMode                         0x080040c1   Thumb Code    54  stm32f1xx_hal_rtc.o(i.RTC_ExitInitMode)
    i.RTC_ReadAlarmCounter                   0x080040f6   Section        0  stm32f1xx_hal_rtc.o(i.RTC_ReadAlarmCounter)
    RTC_ReadAlarmCounter                     0x080040f7   Thumb Code    14  stm32f1xx_hal_rtc.o(i.RTC_ReadAlarmCounter)
    i.RTC_ReadTimeCounter                    0x08004104   Section        0  stm32f1xx_hal_rtc.o(i.RTC_ReadTimeCounter)
    RTC_ReadTimeCounter                      0x08004105   Thumb Code    32  stm32f1xx_hal_rtc.o(i.RTC_ReadTimeCounter)
    i.RTC_WeekDayNum                         0x08004124   Section        0  stm32f1xx_hal_rtc.o(i.RTC_WeekDayNum)
    RTC_WeekDayNum                           0x08004125   Thumb Code    86  stm32f1xx_hal_rtc.o(i.RTC_WeekDayNum)
    i.RTC_WriteAlarmCounter                  0x0800417a   Section        0  stm32f1xx_hal_rtc.o(i.RTC_WriteAlarmCounter)
    RTC_WriteAlarmCounter                    0x0800417b   Thumb Code    40  stm32f1xx_hal_rtc.o(i.RTC_WriteAlarmCounter)
    i.RTC_WriteTimeCounter                   0x080041a2   Section        0  stm32f1xx_hal_rtc.o(i.RTC_WriteTimeCounter)
    RTC_WriteTimeCounter                     0x080041a3   Thumb Code    40  stm32f1xx_hal_rtc.o(i.RTC_WriteTimeCounter)
    i.SPI_WaitOnFlagUntilTimeout             0x080041ca   Section        0  stm32f1xx_hal_spi.o(i.SPI_WaitOnFlagUntilTimeout)
    SPI_WaitOnFlagUntilTimeout               0x080041cb   Thumb Code   158  stm32f1xx_hal_spi.o(i.SPI_WaitOnFlagUntilTimeout)
    i.SVC_Handler                            0x08004268   Section        0  stm32f1xx_it.o(i.SVC_Handler)
    i.SysTick_Handler                        0x0800426a   Section        0  stm32f1xx_it.o(i.SysTick_Handler)
    i.SystemClock_Config                     0x08004278   Section        0  main.o(i.SystemClock_Config)
    i.SystemInit                             0x0800430c   Section        0  system_stm32f1xx.o(i.SystemInit)
    i.TCS_Read_X                             0x08004360   Section        0  et_stm32f_arm_kit_lcd.o(i.TCS_Read_X)
    i.TCS_Read_Y                             0x080043d8   Section        0  et_stm32f_arm_kit_lcd.o(i.TCS_Read_Y)
    i.TCS_SPI_Write_Byte                     0x08004450   Section        0  et_stm32f_arm_kit_lcd.o(i.TCS_SPI_Write_Byte)
    i.TIM_Base_SetConfig                     0x080044ac   Section        0  stm32f1xx_hal_tim.o(i.TIM_Base_SetConfig)
    i.TIM_CCxChannelCmd                      0x08004520   Section        0  stm32f1xx_hal_tim.o(i.TIM_CCxChannelCmd)
    i.TIM_ETR_SetConfig                      0x08004536   Section        0  stm32f1xx_hal_tim.o(i.TIM_ETR_SetConfig)
    TIM_ETR_SetConfig                        0x08004537   Thumb Code    20  stm32f1xx_hal_tim.o(i.TIM_ETR_SetConfig)
    i.TIM_ITRx_SetConfig                     0x0800454a   Section        0  stm32f1xx_hal_tim.o(i.TIM_ITRx_SetConfig)
    TIM_ITRx_SetConfig                       0x0800454b   Thumb Code    16  stm32f1xx_hal_tim.o(i.TIM_ITRx_SetConfig)
    i.TIM_OC1_SetConfig                      0x0800455c   Section        0  stm32f1xx_hal_tim.o(i.TIM_OC1_SetConfig)
    TIM_OC1_SetConfig                        0x0800455d   Thumb Code    74  stm32f1xx_hal_tim.o(i.TIM_OC1_SetConfig)
    i.TIM_OC2_SetConfig                      0x080045ac   Section        0  stm32f1xx_hal_tim.o(i.TIM_OC2_SetConfig)
    i.TIM_OC3_SetConfig                      0x08004604   Section        0  stm32f1xx_hal_tim.o(i.TIM_OC3_SetConfig)
    TIM_OC3_SetConfig                        0x08004605   Thumb Code    82  stm32f1xx_hal_tim.o(i.TIM_OC3_SetConfig)
    i.TIM_OC4_SetConfig                      0x0800465c   Section        0  stm32f1xx_hal_tim.o(i.TIM_OC4_SetConfig)
    TIM_OC4_SetConfig                        0x0800465d   Thumb Code    64  stm32f1xx_hal_tim.o(i.TIM_OC4_SetConfig)
    i.TIM_TI1_ConfigInputStage               0x080046a0   Section        0  stm32f1xx_hal_tim.o(i.TIM_TI1_ConfigInputStage)
    TIM_TI1_ConfigInputStage                 0x080046a1   Thumb Code    34  stm32f1xx_hal_tim.o(i.TIM_TI1_ConfigInputStage)
    i.TIM_TI2_ConfigInputStage               0x080046c2   Section        0  stm32f1xx_hal_tim.o(i.TIM_TI2_ConfigInputStage)
    TIM_TI2_ConfigInputStage                 0x080046c3   Thumb Code    36  stm32f1xx_hal_tim.o(i.TIM_TI2_ConfigInputStage)
    i.UART_DMAError                          0x080046e6   Section        0  stm32f1xx_hal_uart.o(i.UART_DMAError)
    UART_DMAError                            0x080046e7   Thumb Code    30  stm32f1xx_hal_uart.o(i.UART_DMAError)
    i.UART_DMAReceiveCplt                    0x08004704   Section        0  stm32f1xx_hal_uart.o(i.UART_DMAReceiveCplt)
    UART_DMAReceiveCplt                      0x08004705   Thumb Code    54  stm32f1xx_hal_uart.o(i.UART_DMAReceiveCplt)
    i.UART_DMARxHalfCplt                     0x0800473a   Section        0  stm32f1xx_hal_uart.o(i.UART_DMARxHalfCplt)
    UART_DMARxHalfCplt                       0x0800473b   Thumb Code    10  stm32f1xx_hal_uart.o(i.UART_DMARxHalfCplt)
    i.UART_Receive_IT                        0x08004744   Section        0  stm32f1xx_hal_uart.o(i.UART_Receive_IT)
    UART_Receive_IT                          0x08004745   Thumb Code   168  stm32f1xx_hal_uart.o(i.UART_Receive_IT)
    i.UART_SetConfig                         0x080047ec   Section        0  stm32f1xx_hal_uart.o(i.UART_SetConfig)
    UART_SetConfig                           0x080047ed   Thumb Code   364  stm32f1xx_hal_uart.o(i.UART_SetConfig)
    i.UART_Transmit_IT                       0x0800495c   Section        0  stm32f1xx_hal_uart.o(i.UART_Transmit_IT)
    UART_Transmit_IT                         0x0800495d   Thumb Code   102  stm32f1xx_hal_uart.o(i.UART_Transmit_IT)
    i.UART_WaitOnFlagUntilTimeout            0x080049c2   Section        0  stm32f1xx_hal_uart.o(i.UART_WaitOnFlagUntilTimeout)
    UART_WaitOnFlagUntilTimeout              0x080049c3   Thumb Code   146  stm32f1xx_hal_uart.o(i.UART_WaitOnFlagUntilTimeout)
    i.USART1_IRQHandler                      0x08004a54   Section        0  stm32f1xx_it.o(i.USART1_IRQHandler)
    i.UsageFault_Handler                     0x08004a60   Section        0  stm32f1xx_it.o(i.UsageFault_Handler)
    i.__0sprintf$6                           0x08004a64   Section        0  printf6.o(i.__0sprintf$6)
    i.__scatterload_copy                     0x08004a8c   Section       14  handlers.o(i.__scatterload_copy)
    i.__scatterload_null                     0x08004a9a   Section        2  handlers.o(i.__scatterload_null)
    i.__scatterload_zeroinit                 0x08004a9c   Section       14  handlers.o(i.__scatterload_zeroinit)
    i._printf_core                           0x08004aac   Section        0  printf6.o(i._printf_core)
    _printf_core                             0x08004aad   Thumb Code   748  printf6.o(i._printf_core)
    i._printf_post_padding                   0x08004d9c   Section        0  printf6.o(i._printf_post_padding)
    _printf_post_padding                     0x08004d9d   Thumb Code    36  printf6.o(i._printf_post_padding)
    i._printf_pre_padding                    0x08004dc0   Section        0  printf6.o(i._printf_pre_padding)
    _printf_pre_padding                      0x08004dc1   Thumb Code    46  printf6.o(i._printf_pre_padding)
    i._sputc                                 0x08004dee   Section        0  printf6.o(i._sputc)
    _sputc                                   0x08004def   Thumb Code    10  printf6.o(i._sputc)
    i.calculate                              0x08004df8   Section        0  main.o(i.calculate)
    i.callMenu                               0x08004ee0   Section        0  main.o(i.callMenu)
    i.callStat                               0x08004ff0   Section        0  main.o(i.callStat)
    i.callTime                               0x080050e4   Section        0  main.o(i.callTime)
    i.callYou                                0x08005200   Section        0  main.o(i.callYou)
    i.closeValve                             0x08005360   Section        0  main.o(i.closeValve)
    i.compareTime                            0x08005400   Section        0  main.o(i.compareTime)
    i.main                                   0x0800542c   Section        0  main.o(i.main)
    i.openValve                              0x08005868   Section        0  main.o(i.openValve)
    i.round                                  0x08005908   Section        0  round.o(i.round)
    i.setTree                                0x0800599c   Section        0  main.o(i.setTree)
    i.setTreeStat                            0x08005ce0   Section        0  main.o(i.setTreeStat)
    i.startMenu                              0x08005d38   Section        0  main.o(i.startMenu)
    i.toDateString                           0x080065f8   Section        0  main.o(i.toDateString)
    .constdata                               0x08006648   Section     4560  et_stm32f_arm_kit_lcd.o(.constdata)
    .constdata                               0x08007818   Section       16  system_stm32f1xx.o(.constdata)
    .constdata                               0x08007828   Section        8  system_stm32f1xx.o(.constdata)
    .constdata                               0x08007830   Section       64  ctype_c.o(.constdata)
    .data                                    0x20000000   Section        4  et_stm32f_arm_kit_lcd.o(.data)
    TextColor                                0x20000000   Data           2  et_stm32f_arm_kit_lcd.o(.data)
    BackColor                                0x20000002   Data           2  et_stm32f_arm_kit_lcd.o(.data)
    .data                                    0x20000004   Section      309  main.o(.data)
    .data                                    0x2000013c   Section        4  system_stm32f1xx.o(.data)
    .data                                    0x20000140   Section        1  stm32f1xx_hal_spi_ex.o(.data)
    .data                                    0x20000144   Section        4  stm32f1xx_hal.o(.data)
    uwTick                                   0x20000144   Data           4  stm32f1xx_hal.o(.data)
    .bss                                     0x20000148   Section      482  main.o(.bss)
    STACK                                    0x20000330   Section     1024  startup_stm32f107xc.o(STACK)

    Global Symbols

    Symbol Name                              Value     Ov Type        Size  Object(Section)

    BuildAttributes$$THM_ISAv4$P$D$K$B$S$PE$A:L22UL41UL21$X:L11$S22US41US21$IEEE1$IW$USESV6$~STKCKD$USESV7$~SHL$OTIME$ROPI$IEEEJ$EBA8$MICROLIB$REQ8$PRES8$EABIv2 0x00000000   Number         0  anon$$obj.o ABSOLUTE
    __ARM_use_no_argv                        0x00000000   Number         0  main.o ABSOLUTE
    _printf_a                                0x00000000   Number         0  stubs.o ABSOLUTE
    _printf_c                                0x00000000   Number         0  stubs.o ABSOLUTE
    _printf_charcount                        0x00000000   Number         0  stubs.o ABSOLUTE
    _printf_d                                0x00000000   Number         0  stubs.o ABSOLUTE
    _printf_e                                0x00000000   Number         0  stubs.o ABSOLUTE
    _printf_f                                0x00000000   Number         0  stubs.o ABSOLUTE
    _printf_flags                            0x00000000   Number         0  stubs.o ABSOLUTE
    _printf_fp_dec                           0x00000000   Number         0  stubs.o ABSOLUTE
    _printf_fp_hex                           0x00000000   Number         0  stubs.o ABSOLUTE
    _printf_g                                0x00000000   Number         0  stubs.o ABSOLUTE
    _printf_i                                0x00000000   Number         0  stubs.o ABSOLUTE
    _printf_int_dec                          0x00000000   Number         0  stubs.o ABSOLUTE
    _printf_l                                0x00000000   Number         0  stubs.o ABSOLUTE
    _printf_lc                               0x00000000   Number         0  stubs.o ABSOLUTE
    _printf_ll                               0x00000000   Number         0  stubs.o ABSOLUTE
    _printf_lld                              0x00000000   Number         0  stubs.o ABSOLUTE
    _printf_lli                              0x00000000   Number         0  stubs.o ABSOLUTE
    _printf_llo                              0x00000000   Number         0  stubs.o ABSOLUTE
    _printf_llu                              0x00000000   Number         0  stubs.o ABSOLUTE
    _printf_llx                              0x00000000   Number         0  stubs.o ABSOLUTE
    _printf_longlong_dec                     0x00000000   Number         0  stubs.o ABSOLUTE
    _printf_longlong_hex                     0x00000000   Number         0  stubs.o ABSOLUTE
    _printf_longlong_oct                     0x00000000   Number         0  stubs.o ABSOLUTE
    _printf_ls                               0x00000000   Number         0  stubs.o ABSOLUTE
    _printf_mbtowc                           0x00000000   Number         0  stubs.o ABSOLUTE
    _printf_n                                0x00000000   Number         0  stubs.o ABSOLUTE
    _printf_o                                0x00000000   Number         0  stubs.o ABSOLUTE
    _printf_p                                0x00000000   Number         0  stubs.o ABSOLUTE
    _printf_percent                          0x00000000   Number         0  stubs.o ABSOLUTE
    _printf_pre_padding                      0x00000000   Number         0  stubs.o ABSOLUTE
    _printf_return_value                     0x00000000   Number         0  stubs.o ABSOLUTE
    _printf_s                                0x00000000   Number         0  stubs.o ABSOLUTE
    _printf_sizespec                         0x00000000   Number         0  stubs.o ABSOLUTE
    _printf_str                              0x00000000   Number         0  stubs.o ABSOLUTE
    _printf_truncate_signed                  0x00000000   Number         0  stubs.o ABSOLUTE
    _printf_truncate_unsigned                0x00000000   Number         0  stubs.o ABSOLUTE
    _printf_u                                0x00000000   Number         0  stubs.o ABSOLUTE
    _printf_wc                               0x00000000   Number         0  stubs.o ABSOLUTE
    _printf_wctomb                           0x00000000   Number         0  stubs.o ABSOLUTE
    _printf_widthprec                        0x00000000   Number         0  stubs.o ABSOLUTE
    _printf_x                                0x00000000   Number         0  stubs.o ABSOLUTE
    __cpp_initialize__aeabi_                  - Undefined Weak Reference
    __cxa_finalize                            - Undefined Weak Reference
    _clock_init                               - Undefined Weak Reference
    _microlib_exit                            - Undefined Weak Reference
    _scanf_longlong                           - Undefined Weak Reference
    _scanf_real                               - Undefined Weak Reference
    _scanf_string                             - Undefined Weak Reference
    __Vectors_Size                           0x00000150   Number         0  startup_stm32f107xc.o ABSOLUTE
    __Vectors                                0x08000000   Data           4  startup_stm32f107xc.o(RESET)
    __Vectors_End                            0x08000150   Data           0  startup_stm32f107xc.o(RESET)
    __main                                   0x08000151   Thumb Code     0  entry.o(.ARM.Collect$$$$00000000)
    _main_stk                                0x08000151   Thumb Code     0  entry2.o(.ARM.Collect$$$$00000001)
    _main_scatterload                        0x08000155   Thumb Code     0  entry5.o(.ARM.Collect$$$$00000004)
    __main_after_scatterload                 0x08000159   Thumb Code     0  entry5.o(.ARM.Collect$$$$00000004)
    _main_clock                              0x08000159   Thumb Code     0  entry7b.o(.ARM.Collect$$$$00000008)
    _main_cpp_init                           0x08000159   Thumb Code     0  entry8b.o(.ARM.Collect$$$$0000000A)
    _main_init                               0x08000159   Thumb Code     0  entry9a.o(.ARM.Collect$$$$0000000B)
    __rt_final_cpp                           0x08000161   Thumb Code     0  entry10a.o(.ARM.Collect$$$$0000000D)
    __rt_final_exit                          0x08000161   Thumb Code     0  entry11a.o(.ARM.Collect$$$$0000000F)
    Reset_Handler                            0x08000165   Thumb Code     8  startup_stm32f107xc.o(.text)
    ADC1_2_IRQHandler                        0x0800017f   Thumb Code     0  startup_stm32f107xc.o(.text)
    CAN1_RX0_IRQHandler                      0x0800017f   Thumb Code     0  startup_stm32f107xc.o(.text)
    CAN1_RX1_IRQHandler                      0x0800017f   Thumb Code     0  startup_stm32f107xc.o(.text)
    CAN1_SCE_IRQHandler                      0x0800017f   Thumb Code     0  startup_stm32f107xc.o(.text)
    CAN1_TX_IRQHandler                       0x0800017f   Thumb Code     0  startup_stm32f107xc.o(.text)
    CAN2_RX0_IRQHandler                      0x0800017f   Thumb Code     0  startup_stm32f107xc.o(.text)
    CAN2_RX1_IRQHandler                      0x0800017f   Thumb Code     0  startup_stm32f107xc.o(.text)
    CAN2_SCE_IRQHandler                      0x0800017f   Thumb Code     0  startup_stm32f107xc.o(.text)
    CAN2_TX_IRQHandler                       0x0800017f   Thumb Code     0  startup_stm32f107xc.o(.text)
    DMA1_Channel1_IRQHandler                 0x0800017f   Thumb Code     0  startup_stm32f107xc.o(.text)
    DMA1_Channel2_IRQHandler                 0x0800017f   Thumb Code     0  startup_stm32f107xc.o(.text)
    DMA1_Channel3_IRQHandler                 0x0800017f   Thumb Code     0  startup_stm32f107xc.o(.text)
    DMA1_Channel4_IRQHandler                 0x0800017f   Thumb Code     0  startup_stm32f107xc.o(.text)
    DMA1_Channel6_IRQHandler                 0x0800017f   Thumb Code     0  startup_stm32f107xc.o(.text)
    DMA1_Channel7_IRQHandler                 0x0800017f   Thumb Code     0  startup_stm32f107xc.o(.text)
    DMA2_Channel1_IRQHandler                 0x0800017f   Thumb Code     0  startup_stm32f107xc.o(.text)
    DMA2_Channel2_IRQHandler                 0x0800017f   Thumb Code     0  startup_stm32f107xc.o(.text)
    DMA2_Channel3_IRQHandler                 0x0800017f   Thumb Code     0  startup_stm32f107xc.o(.text)
    DMA2_Channel4_IRQHandler                 0x0800017f   Thumb Code     0  startup_stm32f107xc.o(.text)
    DMA2_Channel5_IRQHandler                 0x0800017f   Thumb Code     0  startup_stm32f107xc.o(.text)
    ETH_IRQHandler                           0x0800017f   Thumb Code     0  startup_stm32f107xc.o(.text)
    ETH_WKUP_IRQHandler                      0x0800017f   Thumb Code     0  startup_stm32f107xc.o(.text)
    EXTI1_IRQHandler                         0x0800017f   Thumb Code     0  startup_stm32f107xc.o(.text)
    EXTI2_IRQHandler                         0x0800017f   Thumb Code     0  startup_stm32f107xc.o(.text)
    EXTI3_IRQHandler                         0x0800017f   Thumb Code     0  startup_stm32f107xc.o(.text)
    EXTI4_IRQHandler                         0x0800017f   Thumb Code     0  startup_stm32f107xc.o(.text)
    EXTI9_5_IRQHandler                       0x0800017f   Thumb Code     0  startup_stm32f107xc.o(.text)
    FLASH_IRQHandler                         0x0800017f   Thumb Code     0  startup_stm32f107xc.o(.text)
    I2C1_ER_IRQHandler                       0x0800017f   Thumb Code     0  startup_stm32f107xc.o(.text)
    I2C1_EV_IRQHandler                       0x0800017f   Thumb Code     0  startup_stm32f107xc.o(.text)
    I2C2_ER_IRQHandler                       0x0800017f   Thumb Code     0  startup_stm32f107xc.o(.text)
    I2C2_EV_IRQHandler                       0x0800017f   Thumb Code     0  startup_stm32f107xc.o(.text)
    OTG_FS_IRQHandler                        0x0800017f   Thumb Code     0  startup_stm32f107xc.o(.text)
    OTG_FS_WKUP_IRQHandler                   0x0800017f   Thumb Code     0  startup_stm32f107xc.o(.text)
    PVD_IRQHandler                           0x0800017f   Thumb Code     0  startup_stm32f107xc.o(.text)
    RCC_IRQHandler                           0x0800017f   Thumb Code     0  startup_stm32f107xc.o(.text)
    RTC_Alarm_IRQHandler                     0x0800017f   Thumb Code     0  startup_stm32f107xc.o(.text)
    RTC_IRQHandler                           0x0800017f   Thumb Code     0  startup_stm32f107xc.o(.text)
    SPI1_IRQHandler                          0x0800017f   Thumb Code     0  startup_stm32f107xc.o(.text)
    SPI2_IRQHandler                          0x0800017f   Thumb Code     0  startup_stm32f107xc.o(.text)
    SPI3_IRQHandler                          0x0800017f   Thumb Code     0  startup_stm32f107xc.o(.text)
    TAMPER_IRQHandler                        0x0800017f   Thumb Code     0  startup_stm32f107xc.o(.text)
    TIM1_BRK_IRQHandler                      0x0800017f   Thumb Code     0  startup_stm32f107xc.o(.text)
    TIM1_CC_IRQHandler                       0x0800017f   Thumb Code     0  startup_stm32f107xc.o(.text)
    TIM1_TRG_COM_IRQHandler                  0x0800017f   Thumb Code     0  startup_stm32f107xc.o(.text)
    TIM1_UP_IRQHandler                       0x0800017f   Thumb Code     0  startup_stm32f107xc.o(.text)
    TIM2_IRQHandler                          0x0800017f   Thumb Code     0  startup_stm32f107xc.o(.text)
    TIM3_IRQHandler                          0x0800017f   Thumb Code     0  startup_stm32f107xc.o(.text)
    TIM4_IRQHandler                          0x0800017f   Thumb Code     0  startup_stm32f107xc.o(.text)
    TIM5_IRQHandler                          0x0800017f   Thumb Code     0  startup_stm32f107xc.o(.text)
    TIM6_IRQHandler                          0x0800017f   Thumb Code     0  startup_stm32f107xc.o(.text)
    TIM7_IRQHandler                          0x0800017f   Thumb Code     0  startup_stm32f107xc.o(.text)
    UART4_IRQHandler                         0x0800017f   Thumb Code     0  startup_stm32f107xc.o(.text)
    UART5_IRQHandler                         0x0800017f   Thumb Code     0  startup_stm32f107xc.o(.text)
    USART2_IRQHandler                        0x0800017f   Thumb Code     0  startup_stm32f107xc.o(.text)
    USART3_IRQHandler                        0x0800017f   Thumb Code     0  startup_stm32f107xc.o(.text)
    WWDG_IRQHandler                          0x0800017f   Thumb Code     0  startup_stm32f107xc.o(.text)
    __aeabi_llsr                             0x08000189   Thumb Code    32  llushr.o(.text)
    _ll_ushift_r                             0x08000189   Thumb Code     0  llushr.o(.text)
    ___aeabi_memcpy$move                     0x080001a9   Thumb Code    64  memmovea.o(.text)
    ___aeabi_memcpy4$move                    0x080001a9   Thumb Code     0  memmovea.o(.text)
    ___aeabi_memcpy8$move                    0x080001a9   Thumb Code     0  memmovea.o(.text)
    __aeabi_memmove                          0x080001a9   Thumb Code     0  memmovea.o(.text)
    __aeabi_memmove4                         0x080001a9   Thumb Code     0  memmovea.o(.text)
    __aeabi_memmove8                         0x080001a9   Thumb Code     0  memmovea.o(.text)
    strlen                                   0x080001e9   Thumb Code    14  strlen.o(.text)
    strcpy                                   0x080001f7   Thumb Code    18  strcpy.o(.text)
    __0sscanf                                0x08000209   Thumb Code    48  __0sscanf.o(.text)
    _scanf_int                               0x08000241   Thumb Code   332  _scanf_int.o(.text)
    __aeabi_fmul                             0x0800038d   Thumb Code   100  fmul.o(.text)
    __aeabi_dadd                             0x080003f1   Thumb Code   322  dadd.o(.text)
    __aeabi_dsub                             0x08000533   Thumb Code     6  dadd.o(.text)
    __aeabi_drsub                            0x08000539   Thumb Code     6  dadd.o(.text)
    __aeabi_dmul                             0x0800053f   Thumb Code   228  dmul.o(.text)
    __ARM_scalbn                             0x08000623   Thumb Code    46  dscalb.o(.text)
    scalbn                                   0x08000623   Thumb Code     0  dscalb.o(.text)
    __aeabi_i2d                              0x08000651   Thumb Code    34  dflti.o(.text)
    __aeabi_f2uiz                            0x08000673   Thumb Code    40  ffixui.o(.text)
    __aeabi_d2iz                             0x0800069b   Thumb Code    62  dfixi.o(.text)
    __aeabi_f2d                              0x080006d9   Thumb Code    38  f2d.o(.text)
    __aeabi_d2f                              0x080006ff   Thumb Code    56  d2f.o(.text)
    __aeabi_uidiv                            0x08000737   Thumb Code     0  uidiv.o(.text)
    __aeabi_uidivmod                         0x08000737   Thumb Code    44  uidiv.o(.text)
    __aeabi_llsl                             0x08000763   Thumb Code    30  llshl.o(.text)
    _ll_shift_l                              0x08000763   Thumb Code     0  llshl.o(.text)
    __aeabi_lasr                             0x08000781   Thumb Code    36  llsshr.o(.text)
    _ll_sshift_r                             0x08000781   Thumb Code     0  llsshr.o(.text)
    _chval                                   0x080007a5   Thumb Code    28  _chval.o(.text)
    __vfscanf_char                           0x080007cd   Thumb Code    20  scanf_char.o(.text)
    _sgetc                                   0x080007e9   Thumb Code    30  _sgetc.o(.text)
    _sbackspace                              0x08000807   Thumb Code    34  _sgetc.o(.text)
    __I$use$fp                               0x08000829   Thumb Code     0  iusefp.o(.text)
    _float_round                             0x08000829   Thumb Code    18  fepilogue.o(.text)
    _float_epilogue                          0x0800083b   Thumb Code    92  fepilogue.o(.text)
    _double_round                            0x08000897   Thumb Code    30  depilogue.o(.text)
    _double_epilogue                         0x080008b5   Thumb Code   156  depilogue.o(.text)
    _drnd                                    0x08000951   Thumb Code   132  drnd.o(.text)
    __aeabi_cdcmpeq                          0x080009d9   Thumb Code     0  cdcmple.o(.text)
    __aeabi_cdcmple                          0x080009d9   Thumb Code    48  cdcmple.o(.text)
    __aeabi_cdrcmple                         0x08000a09   Thumb Code    48  cdrcmple.o(.text)
    __scatterload                            0x08000a39   Thumb Code    28  init.o(.text)
    __scatterload_rt2                        0x08000a39   Thumb Code     0  init.o(.text)
    isspace                                  0x08000a5d   Thumb Code    10  isspace_c.o(.text)
    __vfscanf                                0x08000a69   Thumb Code   808  _scanf.o(.text)
    __ctype_lookup                           0x08000d95   Thumb Code    34  ctype_c.o(.text)
    __decompress                             0x08000dbd   Thumb Code     0  __dczerorl2.o(.text)
    __decompress1                            0x08000dbd   Thumb Code    86  __dczerorl2.o(.text)
    BusFault_Handler                         0x08000e13   Thumb Code     2  stm32f1xx_it.o(i.BusFault_Handler)
    DMA1_Channel5_IRQHandler                 0x08000e15   Thumb Code   980  stm32f1xx_it.o(i.DMA1_Channel5_IRQHandler)
    DebugMon_Handler                         0x080012e7   Thumb Code     2  stm32f1xx_it.o(i.DebugMon_Handler)
    EXTI0_IRQHandler                         0x080012e9   Thumb Code    16  stm32f1xx_it.o(i.EXTI0_IRQHandler)
    EXTI15_10_IRQHandler                     0x080012f9   Thumb Code    32  stm32f1xx_it.o(i.EXTI15_10_IRQHandler)
    Error_Handler                            0x0800131d   Thumb Code     2  main.o(i.Error_Handler)
    HAL_DMA_IRQHandler                       0x08001321   Thumb Code  1198  stm32f1xx_hal_dma.o(i.HAL_DMA_IRQHandler)
    HAL_DMA_Init                             0x080017d9   Thumb Code    80  stm32f1xx_hal_dma.o(i.HAL_DMA_Init)
    HAL_DMA_Start_IT                         0x08001829   Thumb Code    88  stm32f1xx_hal_dma.o(i.HAL_DMA_Start_IT)
    HAL_Delay                                0x08001881   Thumb Code    22  stm32f1xx_hal.o(i.HAL_Delay)
    HAL_GPIO_EXTI_Callback                   0x08001897   Thumb Code     2  stm32f1xx_hal_gpio.o(i.HAL_GPIO_EXTI_Callback)
    HAL_GPIO_EXTI_IRQHandler                 0x08001899   Thumb Code    18  stm32f1xx_hal_gpio.o(i.HAL_GPIO_EXTI_IRQHandler)
    HAL_GPIO_Init                            0x080018b1   Thumb Code   408  stm32f1xx_hal_gpio.o(i.HAL_GPIO_Init)
    HAL_GPIO_ReadPin                         0x08001a6d   Thumb Code    10  stm32f1xx_hal_gpio.o(i.HAL_GPIO_ReadPin)
    HAL_GPIO_WritePin                        0x08001a77   Thumb Code    10  stm32f1xx_hal_gpio.o(i.HAL_GPIO_WritePin)
    HAL_GetTick                              0x08001a81   Thumb Code     6  stm32f1xx_hal.o(i.HAL_GetTick)
    HAL_IncTick                              0x08001a8d   Thumb Code    10  stm32f1xx_hal.o(i.HAL_IncTick)
    HAL_Init                                 0x08001a9d   Thumb Code    32  stm32f1xx_hal.o(i.HAL_Init)
    HAL_InitTick                             0x08001ac1   Thumb Code    34  stm32f1xx_hal.o(i.HAL_InitTick)
    HAL_MspInit                              0x08001ae5   Thumb Code   118  stm32f1xx_hal_msp.o(i.HAL_MspInit)
    HAL_NVIC_EnableIRQ                       0x08001b65   Thumb Code    22  stm32f1xx_hal_cortex.o(i.HAL_NVIC_EnableIRQ)
    HAL_NVIC_SetPriority                     0x08001b7d   Thumb Code    60  stm32f1xx_hal_cortex.o(i.HAL_NVIC_SetPriority)
    HAL_NVIC_SetPriorityGrouping             0x08001bbd   Thumb Code    26  stm32f1xx_hal_cortex.o(i.HAL_NVIC_SetPriorityGrouping)
    HAL_PWR_EnableBkUpAccess                 0x08001be1   Thumb Code    20  stm32f1xx_hal_pwr.o(i.HAL_PWR_EnableBkUpAccess)
    HAL_PWR_EnableWakeUpPin                  0x08001bf9   Thumb Code    22  stm32f1xx_hal_pwr.o(i.HAL_PWR_EnableWakeUpPin)
    HAL_RCCEx_GetPeriphCLKFreq               0x08001c15   Thumb Code   432  stm32f1xx_hal_rcc_ex.o(i.HAL_RCCEx_GetPeriphCLKFreq)
    HAL_RCCEx_PeriphCLKConfig                0x08001df1   Thumb Code   498  stm32f1xx_hal_rcc_ex.o(i.HAL_RCCEx_PeriphCLKConfig)
    HAL_RCC_ClockConfig                      0x08001ff1   Thumb Code   374  stm32f1xx_hal_rcc.o(i.HAL_RCC_ClockConfig)
    HAL_RCC_GetHCLKFreq                      0x08002179   Thumb Code     6  stm32f1xx_hal_rcc.o(i.HAL_RCC_GetHCLKFreq)
    HAL_RCC_GetPCLK1Freq                     0x08002185   Thumb Code    34  stm32f1xx_hal_rcc.o(i.HAL_RCC_GetPCLK1Freq)
    HAL_RCC_GetPCLK2Freq                     0x080021b5   Thumb Code    34  stm32f1xx_hal_rcc.o(i.HAL_RCC_GetPCLK2Freq)
    HAL_RCC_GetSysClockFreq                  0x080021e5   Thumb Code   184  stm32f1xx_hal_rcc.o(i.HAL_RCC_GetSysClockFreq)
    HAL_RCC_OscConfig                        0x080022c9   Thumb Code  1746  stm32f1xx_hal_rcc.o(i.HAL_RCC_OscConfig)
    HAL_RTC_GetDate                          0x0800299b   Thumb Code    78  stm32f1xx_hal_rtc.o(i.HAL_RTC_GetDate)
    HAL_RTC_GetTime                          0x080029e9   Thumb Code   216  stm32f1xx_hal_rtc.o(i.HAL_RTC_GetTime)
    HAL_RTC_Init                             0x08002ac1   Thumb Code   154  stm32f1xx_hal_rtc.o(i.HAL_RTC_Init)
    HAL_RTC_MspInit                          0x08002b61   Thumb Code    56  stm32f1xx_hal_msp.o(i.HAL_RTC_MspInit)
    HAL_RTC_SetDate                          0x08002ba5   Thumb Code   192  stm32f1xx_hal_rtc.o(i.HAL_RTC_SetDate)
    HAL_RTC_SetTime                          0x08002c69   Thumb Code   168  stm32f1xx_hal_rtc.o(i.HAL_RTC_SetTime)
    HAL_RTC_WaitForSynchro                   0x08002d15   Thumb Code    58  stm32f1xx_hal_rtc.o(i.HAL_RTC_WaitForSynchro)
    HAL_SPI_GetState                         0x08002d4f   Thumb Code     6  stm32f1xx_hal_spi.o(i.HAL_SPI_GetState)
    HAL_SPI_Init                             0x08002d55   Thumb Code   132  stm32f1xx_hal_spi_ex.o(i.HAL_SPI_Init)
    HAL_SPI_MspInit                          0x08002ddd   Thumb Code   144  stm32f1xx_hal_msp.o(i.HAL_SPI_MspInit)
    HAL_SPI_Transmit                         0x08002e85   Thumb Code   326  stm32f1xx_hal_spi.o(i.HAL_SPI_Transmit)
    HAL_SYSTICK_CLKSourceConfig              0x08002fcb   Thumb Code    24  stm32f1xx_hal_cortex.o(i.HAL_SYSTICK_CLKSourceConfig)
    HAL_SYSTICK_Callback                     0x08002fe3   Thumb Code     2  stm32f1xx_hal_cortex.o(i.HAL_SYSTICK_Callback)
    HAL_SYSTICK_Config                       0x08002fe5   Thumb Code    40  stm32f1xx_hal_cortex.o(i.HAL_SYSTICK_Config)
    HAL_SYSTICK_IRQHandler                   0x0800300d   Thumb Code     8  stm32f1xx_hal_cortex.o(i.HAL_SYSTICK_IRQHandler)
    HAL_TIMEx_MasterConfigSynchronization    0x08003015   Thumb Code    80  stm32f1xx_hal_tim_ex.o(i.HAL_TIMEx_MasterConfigSynchronization)
    HAL_TIM_Base_Init                        0x08003065   Thumb Code    54  stm32f1xx_hal_tim.o(i.HAL_TIM_Base_Init)
    HAL_TIM_Base_MspInit                     0x0800309d   Thumb Code    30  stm32f1xx_hal_msp.o(i.HAL_TIM_Base_MspInit)
    HAL_TIM_ConfigClockSource                0x080030c1   Thumb Code   242  stm32f1xx_hal_tim.o(i.HAL_TIM_ConfigClockSource)
    HAL_TIM_MspPostInit                      0x080031b5   Thumb Code    32  stm32f1xx_hal_msp.o(i.HAL_TIM_MspPostInit)
    HAL_TIM_PWM_ConfigChannel                0x080031d9   Thumb Code   208  stm32f1xx_hal_tim.o(i.HAL_TIM_PWM_ConfigChannel)
    HAL_TIM_PWM_Init                         0x080032a9   Thumb Code    54  stm32f1xx_hal_tim.o(i.HAL_TIM_PWM_Init)
    HAL_TIM_PWM_MspInit                      0x080032df   Thumb Code     2  stm32f1xx_hal_tim.o(i.HAL_TIM_PWM_MspInit)
    HAL_TIM_PWM_Start                        0x080032e1   Thumb Code    42  stm32f1xx_hal_tim.o(i.HAL_TIM_PWM_Start)
    HAL_UART_ErrorCallback                   0x08003311   Thumb Code     2  stm32f1xx_hal_uart.o(i.HAL_UART_ErrorCallback)
    HAL_UART_IRQHandler                      0x08003315   Thumb Code   218  stm32f1xx_hal_uart.o(i.HAL_UART_IRQHandler)
    HAL_UART_Init                            0x080033ef   Thumb Code    94  stm32f1xx_hal_uart.o(i.HAL_UART_Init)
    HAL_UART_MspInit                         0x0800344d   Thumb Code   212  stm32f1xx_hal_msp.o(i.HAL_UART_MspInit)
    HAL_UART_Receive_DMA                     0x08003541   Thumb Code   122  stm32f1xx_hal_uart.o(i.HAL_UART_Receive_DMA)
    HAL_UART_RxCpltCallback                  0x080035c9   Thumb Code     2  stm32f1xx_hal_uart.o(i.HAL_UART_RxCpltCallback)
    HAL_UART_RxHalfCpltCallback              0x080035cb   Thumb Code     2  stm32f1xx_hal_uart.o(i.HAL_UART_RxHalfCpltCallback)
    HAL_UART_Transmit                        0x080035cd   Thumb Code   204  stm32f1xx_hal_uart.o(i.HAL_UART_Transmit)
    HAL_UART_Transmit_IT                     0x08003699   Thumb Code    86  stm32f1xx_hal_uart.o(i.HAL_UART_Transmit_IT)
    HAL_UART_TxCpltCallback                  0x080036ef   Thumb Code     2  stm32f1xx_hal_uart.o(i.HAL_UART_TxCpltCallback)
    HardFault_Handler                        0x080036f1   Thumb Code     2  stm32f1xx_it.o(i.HardFault_Handler)
    LCD_CS_StartByte                         0x080036f5   Thumb Code    38  et_stm32f_arm_kit_lcd.o(i.LCD_CS_StartByte)
    LCD_Clear                                0x08003725   Thumb Code    50  et_stm32f_arm_kit_lcd.o(i.LCD_Clear)
    LCD_ClearLine                            0x0800375d   Thumb Code     6  et_stm32f_arm_kit_lcd.o(i.LCD_ClearLine)
    LCD_DisplayChar                          0x0800377d   Thumb Code    18  et_stm32f_arm_kit_lcd.o(i.LCD_DisplayChar)
    LCD_DisplayStringLine                    0x08003795   Thumb Code    46  et_stm32f_arm_kit_lcd.o(i.LCD_DisplayStringLine)
    LCD_DrawChar                             0x080037c5   Thumb Code   102  et_stm32f_arm_kit_lcd.o(i.LCD_DrawChar)
    LCD_DrawCircle                           0x08003835   Thumb Code   230  et_stm32f_arm_kit_lcd.o(i.LCD_DrawCircle)
    LCD_DrawLine                             0x08003921   Thumb Code   200  et_stm32f_arm_kit_lcd.o(i.LCD_DrawLine)
    LCD_DrawRect                             0x080039f1   Thumb Code    66  et_stm32f_arm_kit_lcd.o(i.LCD_DrawRect)
    LCD_SetBackColor                         0x08003a35   Thumb Code    12  et_stm32f_arm_kit_lcd.o(i.LCD_SetBackColor)
    LCD_SetCursor                            0x08003a45   Thumb Code    24  et_stm32f_arm_kit_lcd.o(i.LCD_SetCursor)
    LCD_SetTextColor                         0x08003a5d   Thumb Code    12  et_stm32f_arm_kit_lcd.o(i.LCD_SetTextColor)
    LCD_Setup                                0x08003a6d   Thumb Code   520  et_stm32f_arm_kit_lcd.o(i.LCD_Setup)
    LCD_WriteRAM                             0x08003c79   Thumb Code    50  et_stm32f_arm_kit_lcd.o(i.LCD_WriteRAM)
    LCD_WriteRAMWord                         0x08003cb1   Thumb Code    28  et_stm32f_arm_kit_lcd.o(i.LCD_WriteRAMWord)
    LCD_WriteRAM_Prepare                     0x08003cd1   Thumb Code    18  et_stm32f_arm_kit_lcd.o(i.LCD_WriteRAM_Prepare)
    LCD_WriteReg                             0x08003ce5   Thumb Code    70  et_stm32f_arm_kit_lcd.o(i.LCD_WriteReg)
    LCD_WriteRegIndex                        0x08003d35   Thumb Code    58  et_stm32f_arm_kit_lcd.o(i.LCD_WriteRegIndex)
    MemManage_Handler                        0x08003f91   Thumb Code     2  stm32f1xx_it.o(i.MemManage_Handler)
    NMI_Handler                              0x08003f93   Thumb Code     2  stm32f1xx_it.o(i.NMI_Handler)
    PendSV_Handler                           0x08003fb5   Thumb Code     2  stm32f1xx_it.o(i.PendSV_Handler)
    SVC_Handler                              0x08004269   Thumb Code     2  stm32f1xx_it.o(i.SVC_Handler)
    SysTick_Handler                          0x0800426b   Thumb Code    14  stm32f1xx_it.o(i.SysTick_Handler)
    SystemClock_Config                       0x08004279   Thumb Code   144  main.o(i.SystemClock_Config)
    SystemInit                               0x0800430d   Thumb Code    68  system_stm32f1xx.o(i.SystemInit)
    TCS_Read_X                               0x08004361   Thumb Code   116  et_stm32f_arm_kit_lcd.o(i.TCS_Read_X)
    TCS_Read_Y                               0x080043d9   Thumb Code   114  et_stm32f_arm_kit_lcd.o(i.TCS_Read_Y)
    TCS_SPI_Write_Byte                       0x08004451   Thumb Code    88  et_stm32f_arm_kit_lcd.o(i.TCS_SPI_Write_Byte)
    TIM_Base_SetConfig                       0x080044ad   Thumb Code    98  stm32f1xx_hal_tim.o(i.TIM_Base_SetConfig)
    TIM_CCxChannelCmd                        0x08004521   Thumb Code    22  stm32f1xx_hal_tim.o(i.TIM_CCxChannelCmd)
    TIM_OC2_SetConfig                        0x080045ad   Thumb Code    84  stm32f1xx_hal_tim.o(i.TIM_OC2_SetConfig)
    USART1_IRQHandler                        0x08004a55   Thumb Code     6  stm32f1xx_it.o(i.USART1_IRQHandler)
    UsageFault_Handler                       0x08004a61   Thumb Code     2  stm32f1xx_it.o(i.UsageFault_Handler)
    __0sprintf$6                             0x08004a65   Thumb Code    34  printf6.o(i.__0sprintf$6)
    __1sprintf$6                             0x08004a65   Thumb Code     0  printf6.o(i.__0sprintf$6)
    __2sprintf                               0x08004a65   Thumb Code     0  printf6.o(i.__0sprintf$6)
    __scatterload_copy                       0x08004a8d   Thumb Code    14  handlers.o(i.__scatterload_copy)
    __scatterload_null                       0x08004a9b   Thumb Code     2  handlers.o(i.__scatterload_null)
    __scatterload_zeroinit                   0x08004a9d   Thumb Code    14  handlers.o(i.__scatterload_zeroinit)
    calculate                                0x08004df9   Thumb Code   226  main.o(i.calculate)
    callMenu                                 0x08004ee1   Thumb Code   188  main.o(i.callMenu)
    callStat                                 0x08004ff1   Thumb Code   180  main.o(i.callStat)
    callTime                                 0x080050e5   Thumb Code   200  main.o(i.callTime)
    callYou                                  0x08005201   Thumb Code   216  main.o(i.callYou)
    closeValve                               0x08005361   Thumb Code   114  main.o(i.closeValve)
    compareTime                              0x08005401   Thumb Code    44  main.o(i.compareTime)
    main                                     0x0800542d   Thumb Code   932  main.o(i.main)
    openValve                                0x08005869   Thumb Code   114  main.o(i.openValve)
    round                                    0x08005909   Thumb Code   136  round.o(i.round)
    setTree                                  0x0800599d   Thumb Code   836  main.o(i.setTree)
    setTreeStat                              0x08005ce1   Thumb Code    84  main.o(i.setTreeStat)
    startMenu                                0x08005d39   Thumb Code  2222  main.o(i.startMenu)
    toDateString                             0x080065f9   Thumb Code    48  main.o(i.toDateString)
    ASCII_Table                              0x08006648   Data        4560  et_stm32f_arm_kit_lcd.o(.constdata)
    AHBPrescTable                            0x08007818   Data          16  system_stm32f1xx.o(.constdata)
    APBPrescTable                            0x08007828   Data           8  system_stm32f1xx.o(.constdata)
    __ctype_categories                       0x08007830   Data          64  ctype_c.o(.constdata)
    Region$$Table$$Base                      0x08007870   Number         0  anon$$obj.o(Region$$Table)
    Region$$Table$$Limit                     0x08007890   Number         0  anon$$obj.o(Region$$Table)
    wakeTime                                 0x20000004   Data           3  main.o(.data)
    sleepTime                                0x20000007   Data           3  main.o(.data)
    sTime                                    0x2000000a   Data           3  main.o(.data)
    isOpen                                   0x20000010   Data           4  main.o(.data)
    inStartMenu                              0x20000014   Data           4  main.o(.data)
    kg                                       0x20000018   Data           4  main.o(.data)
    age                                      0x2000001c   Data           4  main.o(.data)
    pass                                     0x20000020   Data           4  main.o(.data)
    day                                      0x20000024   Data           4  main.o(.data)
    sDate                                    0x20000028   Data           4  main.o(.data)
    alarm                                    0x2000002c   Data          24  main.o(.data)
    statistic                                0x20000044   Data         224  main.o(.data)
    name                                     0x20000124   Data          21  main.o(.data)
    SystemCoreClock                          0x2000013c   Data           4  system_stm32f1xx.o(.data)
    uCRCErrorWorkaroundCheck                 0x20000140   Data           1  stm32f1xx_hal_spi_ex.o(.data)
    hrtc                                     0x20000148   Data          20  main.o(.bss)
    hspi1                                    0x2000015c   Data          88  main.o(.bss)
    hspi3                                    0x200001b4   Data          88  main.o(.bss)
    htim2                                    0x2000020c   Data          60  main.o(.bss)
    huart1                                   0x20000248   Data          64  main.o(.bss)
    huart2                                   0x20000288   Data          64  main.o(.bss)
    hdma_usart1_rx                           0x200002c8   Data          56  main.o(.bss)
    recieve                                  0x20000300   Data          21  main.o(.bss)
    disp                                     0x20000315   Data          21  main.o(.bss)
    __initial_sp                             0x20000730   Data           0  startup_stm32f107xc.o(STACK)



==============================================================================

Memory Map of the image

  Image Entry point : 0x08000151

  Load Region LR_IROM1 (Base: 0x08000000, Size: 0x000079d8, Max: 0x00040000, ABSOLUTE, COMPRESSED[0x000078f8])

    Execution Region ER_IROM1 (Base: 0x08000000, Size: 0x00007890, Max: 0x00040000, ABSOLUTE)

    Base Addr    Size         Type   Attr      Idx    E Section Name        Object

    0x08000000   0x00000150   Data   RO            3    RESET               startup_stm32f107xc.o
    0x08000150   0x00000000   Code   RO         3213  * .ARM.Collect$$$$00000000  mc_w.l(entry.o)
    0x08000150   0x00000004   Code   RO         3509    .ARM.Collect$$$$00000001  mc_w.l(entry2.o)
    0x08000154   0x00000004   Code   RO         3512    .ARM.Collect$$$$00000004  mc_w.l(entry5.o)
    0x08000158   0x00000000   Code   RO         3514    .ARM.Collect$$$$00000008  mc_w.l(entry7b.o)
    0x08000158   0x00000000   Code   RO         3516    .ARM.Collect$$$$0000000A  mc_w.l(entry8b.o)
    0x08000158   0x00000008   Code   RO         3517    .ARM.Collect$$$$0000000B  mc_w.l(entry9a.o)
    0x08000160   0x00000000   Code   RO         3519    .ARM.Collect$$$$0000000D  mc_w.l(entry10a.o)
    0x08000160   0x00000000   Code   RO         3521    .ARM.Collect$$$$0000000F  mc_w.l(entry11a.o)
    0x08000160   0x00000004   Code   RO         3510    .ARM.Collect$$$$00002712  mc_w.l(entry2.o)
    0x08000164   0x00000024   Code   RO            4    .text               startup_stm32f107xc.o
    0x08000188   0x00000020   Code   RO         3216    .text               mc_w.l(llushr.o)
    0x080001a8   0x00000040   Code   RO         3218    .text               mc_w.l(memmovea.o)
    0x080001e8   0x0000000e   Code   RO         3220    .text               mc_w.l(strlen.o)
    0x080001f6   0x00000012   Code   RO         3222    .text               mc_w.l(strcpy.o)
    0x08000208   0x00000038   Code   RO         3487    .text               mc_w.l(__0sscanf.o)
    0x08000240   0x0000014c   Code   RO         3489    .text               mc_w.l(_scanf_int.o)
    0x0800038c   0x00000064   Code   RO         3491    .text               mf_w.l(fmul.o)
    0x080003f0   0x0000014e   Code   RO         3493    .text               mf_w.l(dadd.o)
    0x0800053e   0x000000e4   Code   RO         3495    .text               mf_w.l(dmul.o)
    0x08000622   0x0000002e   Code   RO         3497    .text               mf_w.l(dscalb.o)
    0x08000650   0x00000022   Code   RO         3499    .text               mf_w.l(dflti.o)
    0x08000672   0x00000028   Code   RO         3501    .text               mf_w.l(ffixui.o)
    0x0800069a   0x0000003e   Code   RO         3503    .text               mf_w.l(dfixi.o)
    0x080006d8   0x00000026   Code   RO         3505    .text               mf_w.l(f2d.o)
    0x080006fe   0x00000038   Code   RO         3507    .text               mf_w.l(d2f.o)
    0x08000736   0x0000002c   Code   RO         3526    .text               mc_w.l(uidiv.o)
    0x08000762   0x0000001e   Code   RO         3530    .text               mc_w.l(llshl.o)
    0x08000780   0x00000024   Code   RO         3532    .text               mc_w.l(llsshr.o)
    0x080007a4   0x0000001c   Code   RO         3534    .text               mc_w.l(_chval.o)
    0x080007c0   0x00000028   Code   RO         3536    .text               mc_w.l(scanf_char.o)
    0x080007e8   0x00000040   Code   RO         3538    .text               mc_w.l(_sgetc.o)
    0x08000828   0x00000000   Code   RO         3540    .text               mc_w.l(iusefp.o)
    0x08000828   0x0000006e   Code   RO         3541    .text               mf_w.l(fepilogue.o)
    0x08000896   0x000000ba   Code   RO         3543    .text               mf_w.l(depilogue.o)
    0x08000950   0x00000088   Code   RO         3547    .text               mf_w.l(drnd.o)
    0x080009d8   0x00000030   Code   RO         3551    .text               mf_w.l(cdcmple.o)
    0x08000a08   0x00000030   Code   RO         3553    .text               mf_w.l(cdrcmple.o)
    0x08000a38   0x00000024   Code   RO         3555    .text               mc_w.l(init.o)
    0x08000a5c   0x0000000a   Code   RO         3558    .text               mc_w.l(isspace_c.o)
    0x08000a66   0x00000002   PAD
    0x08000a68   0x0000032c   Code   RO         3560    .text               mc_w.l(_scanf.o)
    0x08000d94   0x00000028   Code   RO         3563    .text               mc_w.l(ctype_c.o)
    0x08000dbc   0x00000056   Code   RO         3574    .text               mc_w.l(__dczerorl2.o)
    0x08000e12   0x00000002   Code   RO          520    i.BusFault_Handler  stm32f1xx_it.o
    0x08000e14   0x000004b4   Code   RO          521    i.DMA1_Channel5_IRQHandler  stm32f1xx_it.o
    0x080012c8   0x0000001e   Code   RO         1504    i.DMA_SetConfig     stm32f1xx_hal_dma.o
    0x080012e6   0x00000002   Code   RO          522    i.DebugMon_Handler  stm32f1xx_it.o
    0x080012e8   0x00000010   Code   RO          523    i.EXTI0_IRQHandler  stm32f1xx_it.o
    0x080012f8   0x00000024   Code   RO          524    i.EXTI15_10_IRQHandler  stm32f1xx_it.o
    0x0800131c   0x00000002   Code   RO          377    i.Error_Handler     main.o
    0x0800131e   0x00000002   PAD
    0x08001320   0x000004b8   Code   RO         1509    i.HAL_DMA_IRQHandler  stm32f1xx_hal_dma.o
    0x080017d8   0x00000050   Code   RO         1510    i.HAL_DMA_Init      stm32f1xx_hal_dma.o
    0x08001828   0x00000058   Code   RO         1513    i.HAL_DMA_Start_IT  stm32f1xx_hal_dma.o
    0x08001880   0x00000016   Code   RO         1252    i.HAL_Delay         stm32f1xx_hal.o
    0x08001896   0x00000002   Code   RO         1180    i.HAL_GPIO_EXTI_Callback  stm32f1xx_hal_gpio.o
    0x08001898   0x00000018   Code   RO         1181    i.HAL_GPIO_EXTI_IRQHandler  stm32f1xx_hal_gpio.o
    0x080018b0   0x000001bc   Code   RO         1182    i.HAL_GPIO_Init     stm32f1xx_hal_gpio.o
    0x08001a6c   0x0000000a   Code   RO         1184    i.HAL_GPIO_ReadPin  stm32f1xx_hal_gpio.o
    0x08001a76   0x0000000a   Code   RO         1186    i.HAL_GPIO_WritePin  stm32f1xx_hal_gpio.o
    0x08001a80   0x0000000c   Code   RO         1256    i.HAL_GetTick       stm32f1xx_hal.o
    0x08001a8c   0x00000010   Code   RO         1257    i.HAL_IncTick       stm32f1xx_hal.o
    0x08001a9c   0x00000024   Code   RO         1258    i.HAL_Init          stm32f1xx_hal.o
    0x08001ac0   0x00000022   Code   RO         1259    i.HAL_InitTick      stm32f1xx_hal.o
    0x08001ae2   0x00000002   PAD
    0x08001ae4   0x00000080   Code   RO          298    i.HAL_MspInit       stm32f1xx_hal_msp.o
    0x08001b64   0x00000016   Code   RO          696    i.HAL_NVIC_EnableIRQ  stm32f1xx_hal_cortex.o
    0x08001b7a   0x00000002   PAD
    0x08001b7c   0x00000040   Code   RO          702    i.HAL_NVIC_SetPriority  stm32f1xx_hal_cortex.o
    0x08001bbc   0x00000024   Code   RO          703    i.HAL_NVIC_SetPriorityGrouping  stm32f1xx_hal_cortex.o
    0x08001be0   0x00000018   Code   RO         1386    i.HAL_PWR_EnableBkUpAccess  stm32f1xx_hal_pwr.o
    0x08001bf8   0x0000001c   Code   RO         1390    i.HAL_PWR_EnableWakeUpPin  stm32f1xx_hal_pwr.o
    0x08001c14   0x000001dc   Code   RO         1586    i.HAL_RCCEx_GetPeriphCLKFreq  stm32f1xx_hal_rcc_ex.o
    0x08001df0   0x00000200   Code   RO         1587    i.HAL_RCCEx_PeriphCLKConfig  stm32f1xx_hal_rcc_ex.o
    0x08001ff0   0x00000188   Code   RO          812    i.HAL_RCC_ClockConfig  stm32f1xx_hal_rcc.o
    0x08002178   0x0000000c   Code   RO          817    i.HAL_RCC_GetHCLKFreq  stm32f1xx_hal_rcc.o
    0x08002184   0x00000030   Code   RO          819    i.HAL_RCC_GetPCLK1Freq  stm32f1xx_hal_rcc.o
    0x080021b4   0x00000030   Code   RO          820    i.HAL_RCC_GetPCLK2Freq  stm32f1xx_hal_rcc.o
    0x080021e4   0x000000e4   Code   RO          821    i.HAL_RCC_GetSysClockFreq  stm32f1xx_hal_rcc.o
    0x080022c8   0x000006d2   Code   RO          824    i.HAL_RCC_OscConfig  stm32f1xx_hal_rcc.o
    0x0800299a   0x0000004e   Code   RO         2947    i.HAL_RTC_GetDate   stm32f1xx_hal_rtc.o
    0x080029e8   0x000000d8   Code   RO         2949    i.HAL_RTC_GetTime   stm32f1xx_hal_rtc.o
    0x08002ac0   0x000000a0   Code   RO         2950    i.HAL_RTC_Init      stm32f1xx_hal_rtc.o
    0x08002b60   0x00000044   Code   RO          300    i.HAL_RTC_MspInit   stm32f1xx_hal_msp.o
    0x08002ba4   0x000000c4   Code   RO         2956    i.HAL_RTC_SetDate   stm32f1xx_hal_rtc.o
    0x08002c68   0x000000ac   Code   RO         2957    i.HAL_RTC_SetTime   stm32f1xx_hal_rtc.o
    0x08002d14   0x0000003a   Code   RO         2958    i.HAL_RTC_WaitForSynchro  stm32f1xx_hal_rtc.o
    0x08002d4e   0x00000006   Code   RO         2466    i.HAL_SPI_GetState  stm32f1xx_hal_spi.o
    0x08002d54   0x00000088   Code   RO          913    i.HAL_SPI_Init      stm32f1xx_hal_spi_ex.o
    0x08002ddc   0x000000a8   Code   RO          302    i.HAL_SPI_MspInit   stm32f1xx_hal_msp.o
    0x08002e84   0x00000146   Code   RO         2476    i.HAL_SPI_Transmit  stm32f1xx_hal_spi.o
    0x08002fca   0x00000018   Code   RO          705    i.HAL_SYSTICK_CLKSourceConfig  stm32f1xx_hal_cortex.o
    0x08002fe2   0x00000002   Code   RO          706    i.HAL_SYSTICK_Callback  stm32f1xx_hal_cortex.o
    0x08002fe4   0x00000028   Code   RO          707    i.HAL_SYSTICK_Config  stm32f1xx_hal_cortex.o
    0x0800300c   0x00000008   Code   RO          708    i.HAL_SYSTICK_IRQHandler  stm32f1xx_hal_cortex.o
    0x08003014   0x00000050   Code   RO          963    i.HAL_TIMEx_MasterConfigSynchronization  stm32f1xx_hal_tim_ex.o
    0x08003064   0x00000036   Code   RO         1728    i.HAL_TIM_Base_Init  stm32f1xx_hal_tim.o
    0x0800309a   0x00000002   PAD
    0x0800309c   0x00000024   Code   RO          304    i.HAL_TIM_Base_MspInit  stm32f1xx_hal_msp.o
    0x080030c0   0x000000f2   Code   RO         1737    i.HAL_TIM_ConfigClockSource  stm32f1xx_hal_tim.o
    0x080031b2   0x00000002   PAD
    0x080031b4   0x00000024   Code   RO          305    i.HAL_TIM_MspPostInit  stm32f1xx_hal_msp.o
    0x080031d8   0x000000d0   Code   RO         1794    i.HAL_TIM_PWM_ConfigChannel  stm32f1xx_hal_tim.o
    0x080032a8   0x00000036   Code   RO         1797    i.HAL_TIM_PWM_Init  stm32f1xx_hal_tim.o
    0x080032de   0x00000002   Code   RO         1799    i.HAL_TIM_PWM_MspInit  stm32f1xx_hal_tim.o
    0x080032e0   0x00000030   Code   RO         1801    i.HAL_TIM_PWM_Start  stm32f1xx_hal_tim.o
    0x08003310   0x00000002   Code   RO         2717    i.HAL_UART_ErrorCallback  stm32f1xx_hal_uart.o
    0x08003312   0x00000002   PAD
    0x08003314   0x000000da   Code   RO         2720    i.HAL_UART_IRQHandler  stm32f1xx_hal_uart.o
    0x080033ee   0x0000005e   Code   RO         2721    i.HAL_UART_Init     stm32f1xx_hal_uart.o
    0x0800344c   0x000000f4   Code   RO          307    i.HAL_UART_MspInit  stm32f1xx_hal_msp.o
    0x08003540   0x00000088   Code   RO         2725    i.HAL_UART_Receive_DMA  stm32f1xx_hal_uart.o
    0x080035c8   0x00000002   Code   RO         2727    i.HAL_UART_RxCpltCallback  stm32f1xx_hal_uart.o
    0x080035ca   0x00000002   Code   RO         2728    i.HAL_UART_RxHalfCpltCallback  stm32f1xx_hal_uart.o
    0x080035cc   0x000000cc   Code   RO         2729    i.HAL_UART_Transmit  stm32f1xx_hal_uart.o
    0x08003698   0x00000056   Code   RO         2731    i.HAL_UART_Transmit_IT  stm32f1xx_hal_uart.o
    0x080036ee   0x00000002   Code   RO         2732    i.HAL_UART_TxCpltCallback  stm32f1xx_hal_uart.o
    0x080036f0   0x00000002   Code   RO          525    i.HardFault_Handler  stm32f1xx_it.o
    0x080036f2   0x00000002   PAD
    0x080036f4   0x00000030   Code   RO           13    i.LCD_CS_StartByte  et_stm32f_arm_kit_lcd.o
    0x08003724   0x00000038   Code   RO           14    i.LCD_Clear         et_stm32f_arm_kit_lcd.o
    0x0800375c   0x00000020   Code   RO           15    i.LCD_ClearLine     et_stm32f_arm_kit_lcd.o
    0x0800377c   0x00000018   Code   RO           16    i.LCD_DisplayChar   et_stm32f_arm_kit_lcd.o
    0x08003794   0x0000002e   Code   RO           19    i.LCD_DisplayStringLine  et_stm32f_arm_kit_lcd.o
    0x080037c2   0x00000002   PAD
    0x080037c4   0x00000070   Code   RO           20    i.LCD_DrawChar      et_stm32f_arm_kit_lcd.o
    0x08003834   0x000000ec   Code   RO           21    i.LCD_DrawCircle    et_stm32f_arm_kit_lcd.o
    0x08003920   0x000000d0   Code   RO           22    i.LCD_DrawLine      et_stm32f_arm_kit_lcd.o
    0x080039f0   0x00000042   Code   RO           24    i.LCD_DrawRect      et_stm32f_arm_kit_lcd.o
    0x08003a32   0x00000002   PAD
    0x08003a34   0x00000010   Code   RO           27    i.LCD_SetBackColor  et_stm32f_arm_kit_lcd.o
    0x08003a44   0x00000018   Code   RO           28    i.LCD_SetCursor     et_stm32f_arm_kit_lcd.o
    0x08003a5c   0x00000010   Code   RO           30    i.LCD_SetTextColor  et_stm32f_arm_kit_lcd.o
    0x08003a6c   0x0000020c   Code   RO           31    i.LCD_Setup         et_stm32f_arm_kit_lcd.o
    0x08003c78   0x00000038   Code   RO           33    i.LCD_WriteRAM      et_stm32f_arm_kit_lcd.o
    0x08003cb0   0x00000020   Code   RO           34    i.LCD_WriteRAMWord  et_stm32f_arm_kit_lcd.o
    0x08003cd0   0x00000012   Code   RO           35    i.LCD_WriteRAM_Prepare  et_stm32f_arm_kit_lcd.o
    0x08003ce2   0x00000002   PAD
    0x08003ce4   0x00000050   Code   RO           36    i.LCD_WriteReg      et_stm32f_arm_kit_lcd.o
    0x08003d34   0x00000048   Code   RO           37    i.LCD_WriteRegIndex  et_stm32f_arm_kit_lcd.o
    0x08003d7c   0x0000013c   Code   RO          378    i.MX_GPIO_Init      main.o
    0x08003eb8   0x00000038   Code   RO          379    i.MX_SPI1_Init      main.o
    0x08003ef0   0x00000038   Code   RO          380    i.MX_SPI3_Init      main.o
    0x08003f28   0x00000068   Code   RO          381    i.MX_TIM2_Init      main.o
    0x08003f90   0x00000002   Code   RO          526    i.MemManage_Handler  stm32f1xx_it.o
    0x08003f92   0x00000002   Code   RO          527    i.NMI_Handler       stm32f1xx_it.o
    0x08003f94   0x00000020   Code   RO          709    i.NVIC_SetPriority  stm32f1xx_hal_cortex.o
    0x08003fb4   0x00000002   Code   RO          528    i.PendSV_Handler    stm32f1xx_it.o
    0x08003fb6   0x00000012   Code   RO         2959    i.RTC_Bcd2ToByte    stm32f1xx_hal_rtc.o
    0x08003fc8   0x00000016   Code   RO         2960    i.RTC_ByteToBcd2    stm32f1xx_hal_rtc.o
    0x08003fde   0x000000ae   Code   RO         2961    i.RTC_DateUpdate    stm32f1xx_hal_rtc.o
    0x0800408c   0x00000034   Code   RO         2962    i.RTC_EnterInitMode  stm32f1xx_hal_rtc.o
    0x080040c0   0x00000036   Code   RO         2963    i.RTC_ExitInitMode  stm32f1xx_hal_rtc.o
    0x080040f6   0x0000000e   Code   RO         2964    i.RTC_ReadAlarmCounter  stm32f1xx_hal_rtc.o
    0x08004104   0x00000020   Code   RO         2965    i.RTC_ReadTimeCounter  stm32f1xx_hal_rtc.o
    0x08004124   0x00000056   Code   RO         2966    i.RTC_WeekDayNum    stm32f1xx_hal_rtc.o
    0x0800417a   0x00000028   Code   RO         2967    i.RTC_WriteAlarmCounter  stm32f1xx_hal_rtc.o
    0x080041a2   0x00000028   Code   RO         2968    i.RTC_WriteTimeCounter  stm32f1xx_hal_rtc.o
    0x080041ca   0x0000009e   Code   RO         2499    i.SPI_WaitOnFlagUntilTimeout  stm32f1xx_hal_spi.o
    0x08004268   0x00000002   Code   RO          529    i.SVC_Handler       stm32f1xx_it.o
    0x0800426a   0x0000000e   Code   RO          530    i.SysTick_Handler   stm32f1xx_it.o
    0x08004278   0x00000094   Code   RO          382    i.SystemClock_Config  main.o
    0x0800430c   0x00000054   Code   RO          621    i.SystemInit        system_stm32f1xx.o
    0x08004360   0x00000078   Code   RO           38    i.TCS_Read_X        et_stm32f_arm_kit_lcd.o
    0x080043d8   0x00000078   Code   RO           39    i.TCS_Read_Y        et_stm32f_arm_kit_lcd.o
    0x08004450   0x0000005c   Code   RO           40    i.TCS_SPI_Write_Byte  et_stm32f_arm_kit_lcd.o
    0x080044ac   0x00000074   Code   RO         1812    i.TIM_Base_SetConfig  stm32f1xx_hal_tim.o
    0x08004520   0x00000016   Code   RO         1813    i.TIM_CCxChannelCmd  stm32f1xx_hal_tim.o
    0x08004536   0x00000014   Code   RO         1819    i.TIM_ETR_SetConfig  stm32f1xx_hal_tim.o
    0x0800454a   0x00000010   Code   RO         1820    i.TIM_ITRx_SetConfig  stm32f1xx_hal_tim.o
    0x0800455a   0x00000002   PAD
    0x0800455c   0x00000050   Code   RO         1821    i.TIM_OC1_SetConfig  stm32f1xx_hal_tim.o
    0x080045ac   0x00000058   Code   RO         1822    i.TIM_OC2_SetConfig  stm32f1xx_hal_tim.o
    0x08004604   0x00000058   Code   RO         1823    i.TIM_OC3_SetConfig  stm32f1xx_hal_tim.o
    0x0800465c   0x00000044   Code   RO         1824    i.TIM_OC4_SetConfig  stm32f1xx_hal_tim.o
    0x080046a0   0x00000022   Code   RO         1826    i.TIM_TI1_ConfigInputStage  stm32f1xx_hal_tim.o
    0x080046c2   0x00000024   Code   RO         1828    i.TIM_TI2_ConfigInputStage  stm32f1xx_hal_tim.o
    0x080046e6   0x0000001e   Code   RO         2734    i.UART_DMAError     stm32f1xx_hal_uart.o
    0x08004704   0x00000036   Code   RO         2735    i.UART_DMAReceiveCplt  stm32f1xx_hal_uart.o
    0x0800473a   0x0000000a   Code   RO         2736    i.UART_DMARxHalfCplt  stm32f1xx_hal_uart.o
    0x08004744   0x000000a8   Code   RO         2739    i.UART_Receive_IT   stm32f1xx_hal_uart.o
    0x080047ec   0x00000170   Code   RO         2740    i.UART_SetConfig    stm32f1xx_hal_uart.o
    0x0800495c   0x00000066   Code   RO         2741    i.UART_Transmit_IT  stm32f1xx_hal_uart.o
    0x080049c2   0x00000092   Code   RO         2742    i.UART_WaitOnFlagUntilTimeout  stm32f1xx_hal_uart.o
    0x08004a54   0x0000000c   Code   RO          531    i.USART1_IRQHandler  stm32f1xx_it.o
    0x08004a60   0x00000002   Code   RO          532    i.UsageFault_Handler  stm32f1xx_it.o
    0x08004a62   0x00000002   PAD
    0x08004a64   0x00000028   Code   RO         3383    i.__0sprintf$6      mc_w.l(printf6.o)
    0x08004a8c   0x0000000e   Code   RO         3568    i.__scatterload_copy  mc_w.l(handlers.o)
    0x08004a9a   0x00000002   Code   RO         3569    i.__scatterload_null  mc_w.l(handlers.o)
    0x08004a9c   0x0000000e   Code   RO         3570    i.__scatterload_zeroinit  mc_w.l(handlers.o)
    0x08004aaa   0x00000002   PAD
    0x08004aac   0x000002f0   Code   RO         3388    i._printf_core      mc_w.l(printf6.o)
    0x08004d9c   0x00000024   Code   RO         3389    i._printf_post_padding  mc_w.l(printf6.o)
    0x08004dc0   0x0000002e   Code   RO         3390    i._printf_pre_padding  mc_w.l(printf6.o)
    0x08004dee   0x0000000a   Code   RO         3392    i._sputc            mc_w.l(printf6.o)
    0x08004df8   0x000000e8   Code   RO          383    i.calculate         main.o
    0x08004ee0   0x00000110   Code   RO          384    i.callMenu          main.o
    0x08004ff0   0x000000f4   Code   RO          385    i.callStat          main.o
    0x080050e4   0x0000011c   Code   RO          386    i.callTime          main.o
    0x08005200   0x00000160   Code   RO          387    i.callYou           main.o
    0x08005360   0x000000a0   Code   RO          388    i.closeValve        main.o
    0x08005400   0x0000002c   Code   RO          389    i.compareTime       main.o
    0x0800542c   0x0000043c   Code   RO          390    i.main              main.o
    0x08005868   0x000000a0   Code   RO          391    i.openValve         main.o
    0x08005908   0x00000094   Code   RO         3211    i.round             m_ws.l(round.o)
    0x0800599c   0x00000344   Code   RO          392    i.setTree           main.o
    0x08005ce0   0x00000058   Code   RO          393    i.setTreeStat       main.o
    0x08005d38   0x000008c0   Code   RO          394    i.startMenu         main.o
    0x080065f8   0x00000050   Code   RO          395    i.toDateString      main.o
    0x08006648   0x000011d0   Data   RO           41    .constdata          et_stm32f_arm_kit_lcd.o
    0x08007818   0x00000010   Data   RO          622    .constdata          system_stm32f1xx.o
    0x08007828   0x00000008   Data   RO          623    .constdata          system_stm32f1xx.o
    0x08007830   0x00000040   Data   RO         3564    .constdata          mc_w.l(ctype_c.o)
    0x08007870   0x00000020   Data   RO         3566    Region$$Table       anon$$obj.o


    Execution Region RW_IRAM1 (Base: 0x20000000, Size: 0x00000730, Max: 0x00010000, ABSOLUTE, COMPRESSED[0x00000068])

    Base Addr    Size         Type   Attr      Idx    E Section Name        Object

    0x20000000   0x00000004   Data   RW           42    .data               et_stm32f_arm_kit_lcd.o
    0x20000004   0x00000135   Data   RW          397    .data               main.o
    0x20000139   0x00000003   PAD
    0x2000013c   0x00000004   Data   RW          624    .data               system_stm32f1xx.o
    0x20000140   0x00000001   Data   RW          915    .data               stm32f1xx_hal_spi_ex.o
    0x20000141   0x00000003   PAD
    0x20000144   0x00000004   Data   RW         1264    .data               stm32f1xx_hal.o
    0x20000148   0x000001e2   Zero   RW          396    .bss                main.o
    0x2000032a   0x00000006   PAD
    0x20000330   0x00000400   Zero   RW            1    STACK               startup_stm32f107xc.o


==============================================================================

Image component sizes


      Code (inc. data)   RO Data    RW Data    ZI Data      Debug   Object Name

      1998        132       4560          4          0     682902   et_stm32f_arm_kit_lcd.o
      6758        906          0        309        482      15135   main.o
        36          8        336          0       1024        772   startup_stm32f107xc.o
       120         16          0          4          0       3394   stm32f1xx_hal.o
       228         14          0          0          0      27117   stm32f1xx_hal_cortex.o
      1406         20          0          0          0       3583   stm32f1xx_hal_dma.o
       490         42          0          0          0       4603   stm32f1xx_hal_gpio.o
       680         88          0          0          0       3931   stm32f1xx_hal_msp.o
        52         10          0          0          0       1005   stm32f1xx_hal_pwr.o
      2474        108          0          0          0       5984   stm32f1xx_hal_rcc.o
       988         58          0          0          0       2861   stm32f1xx_hal_rcc_ex.o
      1412         14          0          0          0      12204   stm32f1xx_hal_rtc.o
       490          0          0          0          0       3042   stm32f1xx_hal_spi.o
       136          4          0          1          0       1266   stm32f1xx_hal_spi_ex.o
      1176         44          0          0          0      11314   stm32f1xx_hal_tim.o
        80          0          0          0          0       1212   stm32f1xx_hal_tim_ex.o
      1624         18          0          0          0      11351   stm32f1xx_hal_uart.o
      1298        234          0          0          0       6275   stm32f1xx_it.o
        84         16         24          4          0       1063   system_stm32f1xx.o

    ----------------------------------------------------------------------
     21554       1732       4952        328       1512     799014   Object Totals
         0          0         32          0          0          0   (incl. Generated)
        24          0          0          6          6          0   (incl. Padding)

    ----------------------------------------------------------------------

      Code (inc. data)   RO Data    RW Data    ZI Data      Debug   Library Member Name

       148         12          0          0          0         88   round.o
        56          8          0          0          0         84   __0sscanf.o
        86          0          0          0          0          0   __dczerorl2.o
        28          0          0          0          0         68   _chval.o
       812          4          0          0          0        112   _scanf.o
       332          0          0          0          0         96   _scanf_int.o
        64          0          0          0          0         84   _sgetc.o
        40          6         64          0          0         68   ctype_c.o
         0          0          0          0          0          0   entry.o
         0          0          0          0          0          0   entry10a.o
         0          0          0          0          0          0   entry11a.o
         8          4          0          0          0          0   entry2.o
         4          0          0          0          0          0   entry5.o
         0          0          0          0          0          0   entry7b.o
         0          0          0          0          0          0   entry8b.o
         8          4          0          0          0          0   entry9a.o
        30          0          0          0          0          0   handlers.o
        36          8          0          0          0         68   init.o
        10          0          0          0          0         68   isspace_c.o
         0          0          0          0          0          0   iusefp.o
        30          0          0          0          0         68   llshl.o
        36          0          0          0          0         68   llsshr.o
        32          0          0          0          0         68   llushr.o
        64          0          0          0          0         76   memmovea.o
       884         10          0          0          0        420   printf6.o
        40          8          0          0          0         84   scanf_char.o
        18          0          0          0          0         68   strcpy.o
        14          0          0          0          0         68   strlen.o
        44          0          0          0          0         80   uidiv.o
        48          0          0          0          0         68   cdcmple.o
        48          0          0          0          0         68   cdrcmple.o
        56          0          0          0          0         88   d2f.o
       334          0          0          0          0        148   dadd.o
       186          0          0          0          0        176   depilogue.o
        62          0          0          0          0         80   dfixi.o
        34          0          0          0          0         76   dflti.o
       228          0          0          0          0         96   dmul.o
       136          4          0          0          0         92   drnd.o
        46          0          0          0          0         80   dscalb.o
        38          0          0          0          0         68   f2d.o
       110          0          0          0          0        168   fepilogue.o
        40          0          0          0          0         68   ffixui.o
       100          0          0          0          0         76   fmul.o

    ----------------------------------------------------------------------
      4294         68         64          0          0       3088   Library Totals
         4          0          0          0          0          0   (incl. Padding)

    ----------------------------------------------------------------------

      Code (inc. data)   RO Data    RW Data    ZI Data      Debug   Library Name

       148         12          0          0          0         88   m_ws.l
      2676         52         64          0          0       1648   mc_w.l
      1466          4          0          0          0       1352   mf_w.l

    ----------------------------------------------------------------------
      4294         68         64          0          0       3088   Library Totals

    ----------------------------------------------------------------------

==============================================================================


      Code (inc. data)   RO Data    RW Data    ZI Data      Debug   

     25848       1800       5016        328       1512     793234   Grand Totals
     25848       1800       5016        104       1512     793234   ELF Image Totals (compressed)
     25848       1800       5016        104          0          0   ROM Totals

==============================================================================

    Total RO  Size (Code + RO Data)                30864 (  30.14kB)
    Total RW  Size (RW Data + ZI Data)              1840 (   1.80kB)
    Total ROM Size (Code + RO Data + RW Data)      30968 (  30.24kB)

==============================================================================

